Microchip MPLAB XC8 Compiler V2.41

Linker command line:

--edf=C:\Program Files\Microchip\xc8\v2.41\pic\dat\20230208172133_en.msgs \
  -cn \
  -h+dist/LPCUSBDK_18F14K50/production\18F14K50-PIC-USB_UART.production.sym \
  --cmf=dist/LPCUSBDK_18F14K50/production\18F14K50-PIC-USB_UART.production.cmf \
  -z -Q18F14K50 \
  -oC:\Users\nosak\AppData\Local\Temp\xcAs13fo.\driver_tmp_3.o \
  --defsym=__MPLAB_BUILD=1 --fixupoverflow=error \
  -Mdist/LPCUSBDK_18F14K50/production/18F14K50-PIC-USB_UART.production.map \
  --md=C:\Users\nosak\AppData\Local\Temp\xcAs13fo.\driver_tmp_0.dat -E1 \
  -ver=XC8 Compiler --acfsm=1493 -ACODE=00h-03FFFh -ACONST=00h-03FFFh \
  -ASMALLCONST=0300h-03FFhx61 -AMEDIUMCONST=0300h-03FFFh -ACOMRAM=01h-05Fh \
  -AABS1=00h-02FFh -ABIGRAM=01h-02FFh -ARAM=060h-0FFh,0100h-01FFhx2 \
  -ABANK0=060h-0FFh -ABANK1=0100h-01FFh -ABANK2=0200h-02FFh \
  -ASFR=0F53h-0F5Fh,0F60h-0FFFh -ABIGSFR=0F53h-0FFFh \
  -ACONFIG=0300000h-030000Dh -AIDLOC=0200000h-0200007h \
  -AEEDATA=0F00000h-0F000FFh -peeprom_data=EEDATA \
  -preset_vec=00h,intcode=08h,intcodelo,powerup,init -pramtop=0300h \
  -psmallconst=SMALLCONST -pmediumconst=MEDIUMCONST -pconst=CONST \
  -AFARRAM=00h-00h \
  -prdata=COMRAM,nvrram=COMRAM,nvbit=COMRAM,rbss=COMRAM,rbit=COMRAM \
  -pfarbss=FARRAM,fardata=FARRAM,nvFARRAM=FARRAM \
  -pintsave_regs=BIGRAM,bigbss=BIGRAM,bigdata=BIGRAM -pbss=RAM \
  -pidata=CODE,irdata=CODE,ibigdata=CODE,ifardata=CODE -prparam=COMRAM \
  C:\Users\nosak\AppData\Local\Temp\xcAs13fo.\driver_tmp_9.o \
  dist/LPCUSBDK_18F14K50/production\18F14K50-PIC-USB_UART.production.o 

Object code version is 3.11

Machine type is 18F14K50



                Name                               Link     Load   Length Selector   Space Scale
C:\Users\nosak\AppData\Local\Temp\xcAs13fo.\driver_tmp_9.o
                idloc                            200000   200000        8        0       5
                config                           300000   300000        E        0       4
                init                                  E        E        4        4       0
                reset_vec                             0        0        4        0       0
dist/LPCUSBDK_18F14K50/production\18F14K50-PIC-USB_UART.production.o
                intcode                               8        8        6        4       0
                idloc                            200000   200000        8        0       5
                config                           300000   300000        E        0       4
                temp                                 5E       5E        1        1       1
                mediumconst                        3EA0     3EA0      160     1F50       0
                text44                             2686     2686       1E        4       0
                text43                             21CC     21CC       6C        4       0
                text42                             2614     2614       2A        4       0
                text41                             2158     2158       74        4       0
                text40                             263E     263E       26        4       0
                text39                              8C2      8C2      1F6        4       0
                text38                             24BE     24BE       46        4       0
                text37                             164E     164E      110        4       0
                text36                             186A     186A      108        4       0
                text35                             1A74     1A74       F0        4       0
                text34                             119E     119E      144        4       0
                text33                             20E2     20E2       76        4       0
                text32                             1DB2     1DB2       B0        4       0
                text31                             2472     2472       4C        4       0
                text30                             12E2     12E2      13E        4       0
                text29                             230A     230A       64        4       0
                text28                             257C     257C       36        4       0
                text27                             1972     1972      102        4       0
                text26                             1FB6     1FB6       9C        4       0
                text25                               12       12      35A        4       0
                text24                              DBE      DBE      150        4       0
                text23                             1420     1420      11A        4       0
                text22                              C48      C48      176        4       0
                text21                             1B64     1B64       E2        4       0
                text20                             153A     153A      114        4       0
                text19                             1E62     1E62       AE        4       0
                text18                              F0E      F0E      14A        4       0
                text17                             2052     2052       90        4       0
                text16                             2422     2422       50        4       0
                text15                             1C46     1C46       B8        4       0
                text14                             1058     1058      146        4       0
                text13                             25B2     25B2       34        4       0
                text12                             236E     236E       62        4       0
                text11                             25E6     25E6       2E        4       0
                text10                             2504     2504       42        4       0
                text9                               658      658      26A        4       0
                text8                               AB8      AB8      190        4       0
                text7                              2664     2664       22        4       0
                text6                              2238     2238       6A        4       0
                text5                              22A2     22A2       68        4       0
                text4                              1F10     1F10       A6        4       0
                text3                              2546     2546       36        4       0
                text2                              1CFE     1CFE       B4        4       0
                text1                              175E     175E      10C        4       0
                text0                               36C      36C      2EC        4       0
                cstackCOMRAM                          1        1       3F        1       1
                bssBANK1                            100      100       40      100       1
                dataBANK0                            EA       EA       10       60       1
                bssBANK0                             60       60       8A       60       1
                bssCOMRAM                            40       40       1E        1       1
                cinit                              23D0     23D0       52        4       0
                idataBANK0                         26A4     26A4       10        4       0

TOTAL           Name                               Link     Load   Length     Space
        CLASS   CODE           
                intcode                               8        8        6         0
                init                                  E        E        4         0
                reset_vec                             0        0        4         0
                text44                             2686     2686       1E         0
                text43                             21CC     21CC       6C         0
                text42                             2614     2614       2A         0
                text41                             2158     2158       74         0
                text40                             263E     263E       26         0
                text39                              8C2      8C2      1F6         0
                text38                             24BE     24BE       46         0
                text37                             164E     164E      110         0
                text36                             186A     186A      108         0
                text35                             1A74     1A74       F0         0
                text34                             119E     119E      144         0
                text33                             20E2     20E2       76         0
                text32                             1DB2     1DB2       B0         0
                text31                             2472     2472       4C         0
                text30                             12E2     12E2      13E         0
                text29                             230A     230A       64         0
                text28                             257C     257C       36         0
                text27                             1972     1972      102         0
                text26                             1FB6     1FB6       9C         0
                text25                               12       12      35A         0
                text24                              DBE      DBE      150         0
                text23                             1420     1420      11A         0
                text22                              C48      C48      176         0
                text21                             1B64     1B64       E2         0
                text20                             153A     153A      114         0
                text19                             1E62     1E62       AE         0
                text18                              F0E      F0E      14A         0
                text17                             2052     2052       90         0
                text16                             2422     2422       50         0
                text15                             1C46     1C46       B8         0
                text14                             1058     1058      146         0
                text13                             25B2     25B2       34         0
                text12                             236E     236E       62         0
                text11                             25E6     25E6       2E         0
                text10                             2504     2504       42         0
                text9                               658      658      26A         0
                text8                               AB8      AB8      190         0
                text7                              2664     2664       22         0
                text6                              2238     2238       6A         0
                text5                              22A2     22A2       68         0
                text4                              1F10     1F10       A6         0
                text3                              2546     2546       36         0
                text2                              1CFE     1CFE       B4         0
                text1                              175E     175E      10C         0
                text0                               36C      36C      2EC         0
                cinit                              23D0     23D0       52         0
                idataBANK0                         26A4     26A4       10         0

        CLASS   CONST          

        CLASS   SMALLCONST     

        CLASS   MEDIUMCONST    
                mediumconst                        3EA0     3EA0      160         0

        CLASS   COMRAM         
                temp                                 5E       5E        1         1
                cstackCOMRAM                          1        1       3F         1
                bssCOMRAM                            40       40       1E         1

        CLASS   ABS1           
                abs_s1                              200      200       C0         1

        CLASS   BIGRAM         

        CLASS   RAM            

        CLASS   BANK0          
                dataBANK0                            EA       EA       10         1
                bssBANK0                             60       60       8A         1

        CLASS   BANK1          
                bssBANK1                            100      100       40         1

        CLASS   BANK2          

        CLASS   SFR            

        CLASS   BIGSFR         

        CLASS   CONFIG         
                config                           300000   300000        E         4

        CLASS   IDLOC          
                idloc                            200000   200000        8         5

        CLASS   EEDATA         

        CLASS   FARRAM         

        CLASS   HEAP           

        CLASS   STACK          



SEGMENTS        Name                           Load    Length   Top    Selector   Space  Class

                reset_vec                      000000  000004  000004         0       0  CODE    
                cstackCOMRAM                   000001  00005E  00005F         1       1  COMRAM  
                intcode                        000008  0026AC  0026B4         4       0  CODE    
                bssBANK0                       000060  00009A  0000FA        60       1  BANK0   
                bssBANK1                       000100  000040  000140       100       1  BANK1   
                mediumconst                    003EA0  000160  004000      1F50       0  MEDIUMCO


UNUSED ADDRESS RANGES

        Name                Unused          Largest block    Delta
        BANK0            0000FA-0000FF                6
        BANK1            000140-0001FF               C0
        BANK2            0002C0-0002FF               40
        BIGRAM           00005F-00005F                1
                         0000FA-0000FF                6
                         000140-0001FF               C0
                         0002C0-0002FF               40
        BIGSFR           000F53-000FFF               AD
        CODE             000004-000007                4
                         0026B4-003E9F             17EC
        COMRAM           00005F-00005F                1
        CONST            000004-000007                4
                         0026B4-003E9F             17EC
        EEDATA           F00000-F000FF              100
        MEDIUMCONST      0026B4-003E9F             17EC
        RAM              0000FA-0000FF                6
                         000140-0001FF               C0
                         0002C0-0002FF               40
        SFR              000F53-000FFF                D
        SMALLCONST       0026B4-003E9F              100

                                  Symbol Table

?_USBTransferOnePacket                   cstackCOMRAM 000001
?___lwdiv                                cstackCOMRAM 000001
?___wmul                                 cstackCOMRAM 000001
CDCTxService@byte_to_send                cstackCOMRAM 00000D
CDCTxService@i                           cstackCOMRAM 00000C
GetChar@rxdt                             cstackCOMRAM 000001
PutString01@flg                          cstackCOMRAM 000005
PutString01@string                       cstackCOMRAM 000003
PutString03@buf                          cstackCOMRAM 00001C
PutString03@data                         cstackCOMRAM 000018
PutString03@flg                          cstackCOMRAM 00001A
PutString03@keta                         cstackCOMRAM 00001B
PutString03@string                       cstackCOMRAM 000016
PutString@string                         cstackCOMRAM 000001
SYSTEM_Initialize@state                  cstackCOMRAM 000003
USBConfigureEndpoint@EPNum               cstackCOMRAM 000008
USBConfigureEndpoint@direction           cstackCOMRAM 000001
USBConfigureEndpoint@handle              cstackCOMRAM 000009
USBCtrlTrfInHandler@lastDTS              cstackCOMRAM 000002
USBCtrlTrfRxService@byteToRead           cstackCOMRAM 000002
USBCtrlTrfRxService@i                    cstackCOMRAM 000001
USBCtrlTrfTxService@byteToSend           cstackCOMRAM 000001
USBDeviceInit@i                          cstackCOMRAM 00000D
USBDeviceTasks@i                         cstackCOMRAM 000021
USBEnableEndpoint@ep                     cstackCOMRAM 00000E
USBEnableEndpoint@options                cstackCOMRAM 00000B
USBEnableEndpoint@p                      cstackCOMRAM 00000C
USBStdFeatureReqHandler@current_ep_data  cstackCOMRAM 00001B
USBStdFeatureReqHandler@p                cstackCOMRAM 00001C
USBStdFeatureReqHandler@pUEP             cstackCOMRAM 000019
USBStdGetStatusHandler@p                 cstackCOMRAM 000003
USBStdSetCfgHandler@i                    cstackCOMRAM 000017
USBTransferOnePacket@data                cstackCOMRAM 000002
USBTransferOnePacket@dir                 cstackCOMRAM 000001
USBTransferOnePacket@ep                  cstackCOMRAM 000009
USBTransferOnePacket@handle              cstackCOMRAM 00000A
USBTransferOnePacket@len                 cstackCOMRAM 000004
USER_USB_CALLBACK_EVENT_HANDLER@event    cstackCOMRAM 00000F
USER_USB_CALLBACK_EVENT_HANDLER@pdata    cstackCOMRAM 000011
USER_USB_CALLBACK_EVENT_HANDLER@size     cstackCOMRAM 000013
UsbPutString03@data                      cstackCOMRAM 000018
UsbPutString03@flg                       cstackCOMRAM 00001A
UsbPutString03@i                         cstackCOMRAM 00003A
UsbPutString03@keta                      cstackCOMRAM 00001B
UsbPutString03@str                       cstackCOMRAM 000016
UsbPutString03@string                    cstackCOMRAM 00001C
Wait@i                                   cstackCOMRAM 000004
Wait@num                                 cstackCOMRAM 000001
_ANSEL                                   (abs)        000F7E
_ANSELH                                  (abs)        000F7F
_BAUDCON                                 (abs)        000FB8
_BDT                                     (abs)        000200
_BaudRateGen                             bssBANK0     000078
_BothEP0OutUOWNsSet                      bssBANK0     000096
_CDCDataInHandle                         bssBANK0     00008C
_CDCDataOutHandle                        bssCOMRAM    00004C
_CDCInitEP                               text29       00230A
_CDCTxService                            text8        000AB8
_CharConv                                dataBANK0    0000EA
_CtrlTrfData                             (abs)        000238
_GetChar                                 text44       002686
_OSCCON                                  (abs)        000FD3
_PIE2bits                                (abs)        000FA0
_PIR1bits                                (abs)        000F9E
_PIR2bits                                (abs)        000FA1
_PORTA                                   (abs)        000F80
_PORTB                                   (abs)        000F81
_PORTC                                   (abs)        000F82
_PutString                               text43       0021CC
_PutString01                             text7        002664
_PutString03                             text38       0024BE
_PutStringLF                             text42       002614
_RCREG                                   (abs)        000FAE
_RCSTA                                   (abs)        000FAB
_RemoteWakeup                            bssBANK0     000098
_SPBRG                                   (abs)        000FAF
_SSPADD                                  (abs)        000FC8
_SSPCON1                                 (abs)        000FC6
_SSPCON2                                 (abs)        000FC5
_SSPSTAT                                 (abs)        000FC7
_SYSTEM_Initialize                       text28       00257C
_SYS_InterruptHigh                       intcode      000008
_SetupPkt                                (abs)        000230
_TRISA                                   (abs)        000F92
_TRISB                                   (abs)        000F93
_TRISC                                   (abs)        000F94
_TXIF                                    (abs)        007CF4
_TXREG                                   (abs)        000FAD
_TXSTA                                   (abs)        000FAC
_UADDR                                   (abs)        000F5C
_UCFG                                    (abs)        000F61
_UCON                                    (abs)        000F64
_UCONbits                                (abs)        000F64
_UEIE                                    (abs)        000F5B
_UEIR                                    (abs)        000F5F
_UEP0                                    (abs)        000F53
_UEP0bits                                (abs)        000F53
_UEP1                                    (abs)        000F54
_UIE                                     (abs)        000F60
_UIEbits                                 (abs)        000F60
_UIR                                     (abs)        000F62
_UIRbits                                 (abs)        000F62
_USB1msTickCount                         bssBANK0     00007C
_USBActiveConfiguration                  bssCOMRAM    00005D
_USBAlternateInterface                   bssBANK0     0000E8
_USBBusIsSuspended                       bssBANK0     000097
_USBCheckCDCRequest                      text27       001972
_USBCheckStdRequest                      text20       00153A
_USBConfigureEndpoint                    text32       001DB2
_USBCtrlEPAllowDataStage                 text19       001E62
_USBCtrlEPAllowStatusStage               text35       001A74
_USBCtrlEPService                        text15       001C46
_USBCtrlEPServiceComplete                text18       000F0E
_USBCtrlTrfInHandler                     text36       00186A
_USBCtrlTrfOutHandler                    text33       0020E2
_USBCtrlTrfRxService                     text34       00119E
_USBCtrlTrfSetupHandler                  text17       002052
_USBCtrlTrfTxService                     text37       00164E
_USBDeferINDataStagePackets              bssBANK0     000094
_USBDeferOUTDataStagePackets             bssBANK0     000093
_USBDeferStatusStagePacket               bssCOMRAM    000055
_USBDeviceInit                           text14       001058
_USBDeviceState                          bssCOMRAM    00005B
_USBDeviceTasks                          text9        000658
_USBEnableEndpoint                       text31       002472
_USBIncrement1msInternalTimers           text13       0025B2
_USBStallHandler                         text12       00236E
_USBStatusStageEnabledFlag1              bssCOMRAM    000054
_USBStatusStageEnabledFlag2              bssBANK0     000095
_USBStatusStageTimeoutCounter            bssCOMRAM    000056
_USBStdFeatureReqHandler                 text25       000012
_USBStdGetDscHandler                     text24       000DBE
_USBStdGetStatusHandler                  text23       001420
_USBStdSetCfgHandler                     text21       001B64
_USBSuspend                              text11       0025E6
_USBTicksSinceSuspendEnd                 bssBANK0     000092
_USBTransferOnePacket                    text30       0012E2
_USBWakeFromSuspend                      text10       002504
_USB_CD_Ptr                              mediumconst  003EA7
_USB_In_Buffer                           bssBANK1     000100
_USB_Out_Buffer                          bssBANK0     000099
_USB_SD_Ptr                              mediumconst  003EA1
_USER_USB_CALLBACK_EVENT_HANDLER         text26       001FB6
_USTAT                                   (abs)        000F63
_USTATcopy                               bssCOMRAM    00005C
_UsbPutString03                          text4        001F10
_Wait                                    text3        002546
__HRAM                                   (abs)        000000
__H__absolute__                          __absolute__ 000000
__Habs1                                  abs1         000000
__Hbank0                                 bank0        000000
__Hbank1                                 bank1        000000
__Hbank2                                 bank2        000000
__Hbigbss                                bigbss       000000
__Hbigdata                               bigdata      000000
__Hbigram                                bigram       000000
__Hbigsfr                                bigsfr       000000
__Hbss                                   bss          000000
__HbssBANK0                              bssBANK0     000000
__HbssBANK1                              bssBANK1     000000
__HbssCOMRAM                             bssCOMRAM    000000
__Hcinit                                 cinit        000000
__Hclrtext                               clrtext      000000
__Hcomram                                comram       000000
__Hconfig                                config       30000E
__Hconst                                 const        000000
__HcstackCOMRAM                          cstackCOMRAM 000000
__Hdata                                  data         000000
__HdataBANK0                             dataBANK0    000000
__Heeprom_data                           eeprom_data  000000
__Hfarbss                                farbss       000000
__Hfardata                               fardata      000000
__Hheap                                  heap         000000
__Hibigdata                              ibigdata     000000
__Hidata                                 idata        000000
__HidataBANK0                            idataBANK0   000000
__Hidloc                                 idloc        200008
__Hifardata                              ifardata     000000
__Hinit                                  init         000012
__Hintcode                               intcode      00000E
__Hintcode_body                          intcode_body 000000
__Hintcodelo                             intcodelo    00000E
__Hintentry                              intentry     000000
__Hintret                                intret       000000
__Hintsave_regs                          intsave_regs 000000
__Hirdata                                irdata       000000
__Hmediumconst                           mediumconst  004000
__HnvFARRAM                              nvFARRAM     000000
__Hnvbit                                 nvbit        000000
__Hnvrram                                nvrram       000000
__Hparam                                 rparam       000000
__Hpowerup                               powerup      00000E
__Hram                                   ram          000000
__Hramtop                                ramtop       000300
__Hrbit                                  rbit         000000
__Hrbss                                  rbss         000000
__Hrdata                                 rdata        000000
__Hreset_vec                             reset_vec    000004
__Hrparam                                rparam       000000
__Hsfr                                   sfr          000000
__Hsmallconst                            smallconst   000000
__Hspace_0                               (abs)        004000
__Hspace_1                               (abs)        000140
__Hspace_2                               (abs)        000000
__Hspace_4                               (abs)        60000E
__Hstack                                 stack        000000
__Hstruct                                struct       000000
__Htemp                                  temp         00005F
__Htext                                  text         000000
__Htext0                                 text0        000000
__Htext1                                 text1        000000
__Htext10                                text10       000000
__Htext11                                text11       000000
__Htext12                                text12       000000
__Htext13                                text13       000000
__Htext14                                text14       000000
__Htext15                                text15       000000
__Htext16                                text16       000000
__Htext17                                text17       000000
__Htext18                                text18       000000
__Htext19                                text19       000000
__Htext2                                 text2        000000
__Htext20                                text20       000000
__Htext21                                text21       000000
__Htext22                                text22       000000
__Htext23                                text23       000000
__Htext24                                text24       000000
__Htext25                                text25       000000
__Htext26                                text26       000000
__Htext27                                text27       000000
__Htext28                                text28       000000
__Htext29                                text29       000000
__Htext3                                 text3        000000
__Htext30                                text30       000000
__Htext31                                text31       000000
__Htext32                                text32       000000
__Htext33                                text33       000000
__Htext34                                text34       000000
__Htext35                                text35       000000
__Htext36                                text36       000000
__Htext37                                text37       000000
__Htext38                                text38       000000
__Htext39                                text39       000000
__Htext4                                 text4        000000
__Htext40                                text40       000000
__Htext41                                text41       000000
__Htext42                                text42       000000
__Htext43                                text43       000000
__Htext44                                text44       000000
__Htext5                                 text5        000000
__Htext6                                 text6        000000
__Htext7                                 text7        000000
__Htext8                                 text8        000000
__Htext9                                 text9        000000
__LRAM                                   (abs)        000001
__L__absolute__                          __absolute__ 000000
__Labs1                                  abs1         000000
__Lbank0                                 bank0        000000
__Lbank1                                 bank1        000000
__Lbank2                                 bank2        000000
__Lbigbss                                bigbss       000000
__Lbigdata                               bigdata      000000
__Lbigram                                bigram       000000
__Lbigsfr                                bigsfr       000000
__Lbss                                   bss          000000
__LbssBANK0                              bssBANK0     000000
__LbssBANK1                              bssBANK1     000000
__LbssCOMRAM                             bssCOMRAM    000000
__Lcinit                                 cinit        000000
__Lclrtext                               clrtext      000000
__Lcomram                                comram       000000
__Lconfig                                config       000000
__Lconst                                 const        000000
__LcstackCOMRAM                          cstackCOMRAM 000000
__Ldata                                  data         000000
__LdataBANK0                             dataBANK0    000000
__Leeprom_data                           eeprom_data  000000
__Lfarbss                                farbss       000000
__Lfardata                               fardata      000000
__Lheap                                  heap         000000
__Libigdata                              ibigdata     000000
__Lidata                                 idata        000000
__LidataBANK0                            idataBANK0   000000
__Lidloc                                 idloc        000000
__Lifardata                              ifardata     000000
__Linit                                  init         00000E
__Lintcode                               intcode      000008
__Lintcode_body                          intcode_body 000000
__Lintcodelo                             intcodelo    00000E
__Lintentry                              intentry     000000
__Lintret                                intret       000000
__Lintsave_regs                          intsave_regs 000000
__Lirdata                                irdata       000000
__Lmediumconst                           mediumconst  003EA0
__LnvFARRAM                              nvFARRAM     000000
__Lnvbit                                 nvbit        000000
__Lnvrram                                nvrram       000000
__Lparam                                 rparam       000000
__Lpowerup                               powerup      00000E
__Lram                                   ram          000000
__Lramtop                                ramtop       000300
__Lrbit                                  rbit         000000
__Lrbss                                  rbss         000000
__Lrdata                                 rdata        000000
__Lreset_vec                             reset_vec    000000
__Lrparam                                rparam       000000
__Lsfr                                   sfr          000000
__Lsmallconst                            smallconst   000000
__Lspace_0                               (abs)        000000
__Lspace_1                               (abs)        000000
__Lspace_2                               (abs)        000000
__Lspace_4                               (abs)        000000
__Lstack                                 stack        000000
__Lstruct                                struct       000000
__Ltemp                                  temp         00005E
__Ltext                                  text         000000
__Ltext0                                 text0        000000
__Ltext1                                 text1        000000
__Ltext10                                text10       000000
__Ltext11                                text11       000000
__Ltext12                                text12       000000
__Ltext13                                text13       000000
__Ltext14                                text14       000000
__Ltext15                                text15       000000
__Ltext16                                text16       000000
__Ltext17                                text17       000000
__Ltext18                                text18       000000
__Ltext19                                text19       000000
__Ltext2                                 text2        000000
__Ltext20                                text20       000000
__Ltext21                                text21       000000
__Ltext22                                text22       000000
__Ltext23                                text23       000000
__Ltext24                                text24       000000
__Ltext25                                text25       000000
__Ltext26                                text26       000000
__Ltext27                                text27       000000
__Ltext28                                text28       000000
__Ltext29                                text29       000000
__Ltext3                                 text3        000000
__Ltext30                                text30       000000
__Ltext31                                text31       000000
__Ltext32                                text32       000000
__Ltext33                                text33       000000
__Ltext34                                text34       000000
__Ltext35                                text35       000000
__Ltext36                                text36       000000
__Ltext37                                text37       000000
__Ltext38                                text38       000000
__Ltext39                                text39       000000
__Ltext4                                 text4        000000
__Ltext40                                text40       000000
__Ltext41                                text41       000000
__Ltext42                                text42       000000
__Ltext43                                text43       000000
__Ltext44                                text44       000000
__Ltext5                                 text5        000000
__Ltext6                                 text6        000000
__Ltext7                                 text7        000000
__Ltext8                                 text8        000000
__Ltext9                                 text9        000000
__S0                                     (abs)        004000
__S1                                     (abs)        000140
__S4                                     (abs)        000000
__S5                                     (abs)        000000
___heap_hi                               (abs)        000000
___heap_lo                               (abs)        000000
___inthi_sp                              stack        000000
___intlo_sp                              stack        000000
___lwdiv                                 text41       002158
___lwdiv@counter                         cstackCOMRAM 000007
___lwdiv@dividend                        cstackCOMRAM 000001
___lwdiv@divisor                         cstackCOMRAM 000003
___lwdiv@quotient                        cstackCOMRAM 000005
___param_bank                            (abs)        000000
___rparam_used                           (abs)        000001
___sp                                    stack        000000
___wmul                                  text40       00263E
___wmul@multiplicand                     cstackCOMRAM 000003
___wmul@multiplier                       cstackCOMRAM 000001
___wmul@product                          cstackCOMRAM 000005
__accesstop                              (abs)        000060
__activetblptr                           (abs)        000002
__end_of_CDCInitEP                       text29       00236E
__end_of_CDCTxService                    text8        000C48
__end_of_GetChar                         text44       0026A4
__end_of_PutString                       text43       002238
__end_of_PutString01                     text7        002686
__end_of_PutString03                     text38       002504
__end_of_PutStringLF                     text42       00263E
__end_of_SYSTEM_Initialize               text28       0025B2
__end_of_SYS_InterruptHigh               intcode      00000E
__end_of_USBCheckCDCRequest              text27       001A74
__end_of_USBCheckStdRequest              text20       00164E
__end_of_USBConfigureEndpoint            text32       001E62
__end_of_USBCtrlEPAllowDataStage         text19       001F10
__end_of_USBCtrlEPAllowStatusStage       text35       001B64
__end_of_USBCtrlEPService                text15       001CFE
__end_of_USBCtrlEPServiceComplete        text18       001058
__end_of_USBCtrlTrfInHandler             text36       001972
__end_of_USBCtrlTrfOutHandler            text33       002158
__end_of_USBCtrlTrfRxService             text34       0012E2
__end_of_USBCtrlTrfSetupHandler          text17       0020E2
__end_of_USBCtrlTrfTxService             text37       00175E
__end_of_USBDeviceInit                   text14       00119E
__end_of_USBDeviceTasks                  text9        0008C2
__end_of_USBEnableEndpoint               text31       0024BE
__end_of_USBIncrement1msInternalTimers   text13       0025E6
__end_of_USBStallHandler                 text12       0023D0
__end_of_USBStdFeatureReqHandler         text25       00036C
__end_of_USBStdGetDscHandler             text24       000F0E
__end_of_USBStdGetStatusHandler          text23       00153A
__end_of_USBStdSetCfgHandler             text21       001C46
__end_of_USBSuspend                      text11       002614
__end_of_USBTransferOnePacket            text30       001420
__end_of_USBWakeFromSuspend              text10       002546
__end_of_USB_CD_Ptr                      mediumconst  003EA9
__end_of_USB_SD_Ptr                      mediumconst  003EA7
__end_of_USER_USB_CALLBACK_EVENT_HANDLER text26       002052
__end_of_UsbPutString03                  text4        001FB6
__end_of_Wait                            text3        00257C
__end_of___lwdiv                         text41       0021CC
__end_of___wmul                          text40       002664
__end_of__initialization                 cinit        002414
__end_of_configDescriptor1               mediumconst  003EEC
__end_of_device_dsc                      mediumconst  003F66
__end_of_getsUSBUSART                    text2        001DB2
__end_of_main                            text0        000658
__end_of_memcpy                          text16       002472
__end_of_memset                          text22       000DBE
__end_of_putsUSBUSART                    text6        0022A2
__end_of_sd000                           mediumconst  003F6A
__end_of_sd001                           mediumconst  003F54
__end_of_sd002                           mediumconst  003F20
__end_of_skStrlen                        text5        00230A
__end_of_skUSB_ini                       text1        00186A
__end_of_uint2string                     text39       000AB8
__initialization                         cinit        0023D0
__mediumconst                            mediumconst  003EA0
__pbssBANK0                              bssBANK0     000060
__pbssBANK1                              bssBANK1     000100
__pbssCOMRAM                             bssCOMRAM    000040
__pcinit                                 cinit        0023D0
__pcstackCOMRAM                          cstackCOMRAM 000001
__pdataBANK0                             dataBANK0    0000EA
__pidataBANK0                            idataBANK0   0026A4
__pintcode                               intcode      000008
__pmediumconst                           mediumconst  003EA0
__ptext0                                 text0        00036C
__ptext1                                 text1        00175E
__ptext10                                text10       002504
__ptext11                                text11       0025E6
__ptext12                                text12       00236E
__ptext13                                text13       0025B2
__ptext14                                text14       001058
__ptext15                                text15       001C46
__ptext16                                text16       002422
__ptext17                                text17       002052
__ptext18                                text18       000F0E
__ptext19                                text19       001E62
__ptext2                                 text2        001CFE
__ptext20                                text20       00153A
__ptext21                                text21       001B64
__ptext22                                text22       000C48
__ptext23                                text23       001420
__ptext24                                text24       000DBE
__ptext25                                text25       000012
__ptext26                                text26       001FB6
__ptext27                                text27       001972
__ptext28                                text28       00257C
__ptext29                                text29       00230A
__ptext3                                 text3        002546
__ptext30                                text30       0012E2
__ptext31                                text31       002472
__ptext32                                text32       001DB2
__ptext33                                text33       0020E2
__ptext34                                text34       00119E
__ptext35                                text35       001A74
__ptext36                                text36       00186A
__ptext37                                text37       00164E
__ptext38                                text38       0024BE
__ptext39                                text39       0008C2
__ptext4                                 text4        001F10
__ptext40                                text40       00263E
__ptext41                                text41       002158
__ptext42                                text42       002614
__ptext43                                text43       0021CC
__ptext44                                text44       002686
__ptext5                                 text5        0022A2
__ptext6                                 text6        002238
__ptext7                                 text7        002664
__ptext8                                 text8        000AB8
__ptext9                                 text9        000658
__ramtop                                 ramtop       000300
__smallconst                             smallconst   000000
_cdc_data_rx                             (abs)        000280
_cdc_data_tx                             (abs)        000240
_cdc_mem_type                            bssBANK0     000091
_cdc_notice                              bssBANK0     000060
_cdc_rx_len                              bssCOMRAM    000053
_cdc_trf_state                           bssCOMRAM    00005A
_cdc_tx_len                              bssCOMRAM    000052
_configDescriptor1                       mediumconst  003EA9
_controlTransferState                    bssCOMRAM    000058
_control_signal_bitmap                   bssBANK0     000090
_device_dsc                              mediumconst  003F54
_dummy_encapsulated_cmd_response         bssBANK0     0000D9
_endpoint_number                         bssCOMRAM    000057
_ep_data_in                              bssBANK0     000089
_ep_data_out                             bssBANK0     000086
_getsUSBUSART                            text2        001CFE
_inPipes                                 bssCOMRAM    000040
_line_coding                             bssBANK0     0000E1
_main                                    text0        00036C
_memcpy                                  text16       002422
_memset                                  text22       000C48
_outPipes                                bssBANK0     00006A
_pBDTEntryEP0OutCurrent                  bssCOMRAM    000050
_pBDTEntryEP0OutNext                     bssCOMRAM    00004E
_pBDTEntryIn                             bssCOMRAM    000046
_pBDTEntryOut                            bssBANK0     000072
_pCDCDst                                 bssBANK0     000080
_pCDCSrc                                 bssBANK0     000083
_pDst                                    bssBANK0     00008E
_putsUSBUSART                            text6        002238
_sd000                                   mediumconst  003F66
_sd001                                   mediumconst  003F20
_sd002                                   mediumconst  003EEC
_shortPacketStatus                       bssCOMRAM    000059
_skStrlen                                text5        0022A2
_skUSB_ini                               text1        00175E
_uint2string                             text39       0008C2
btemp                                    temp         00005E
end_of_initialization                    cinit        002414
getsUSBUSART@buffer                      cstackCOMRAM 00000C
getsUSBUSART@len                         cstackCOMRAM 00000E
int$flags                                temp         00005E
intlevel0                                text         000000
intlevel1                                text         000000
intlevel2                                text         000000
intlevel3                                text         000000
isa$std                                  (abs)        000001
isa$xinst                                (abs)        000000
main@RxData                              cstackCOMRAM 00003D
main@i                                   cstackCOMRAM 00003E
main@numBytesRead                        cstackCOMRAM 00003F
main@rtn                                 cstackCOMRAM 00003C
memcpy@d                                 cstackCOMRAM 000007
memcpy@d1                                cstackCOMRAM 000001
memcpy@n                                 cstackCOMRAM 000005
memcpy@s                                 cstackCOMRAM 000009
memcpy@s1                                cstackCOMRAM 000003
memcpy@tmp                               cstackCOMRAM 00000B
memset@c                                 cstackCOMRAM 000003
memset@dest                              cstackCOMRAM 000001
memset@k                                 cstackCOMRAM 000009
memset@n                                 cstackCOMRAM 000005
memset@s                                 cstackCOMRAM 00000B
putsUSBUSART@data                        cstackCOMRAM 000001
putsUSBUSART@len                         cstackCOMRAM 000005
putsUSBUSART@pData                       cstackCOMRAM 000003
skStrlen@flg                             cstackCOMRAM 000003
skStrlen@rtn                             cstackCOMRAM 000004
skStrlen@str                             cstackCOMRAM 000001
stackhi                                  (abs)        000000
stacklo                                  (abs)        000000
start                                    init         00000E
start_initialization                     cinit        0023D0
ttemp5                                   temp         00005F
ttemp6                                   temp         000062
ttemp7                                   temp         000066
uint2string@buf                          cstackCOMRAM 000008
uint2string@data                         cstackCOMRAM 00000A
uint2string@dt                           cstackCOMRAM 000014
uint2string@flg                          cstackCOMRAM 00000C
uint2string@i                            cstackCOMRAM 000012
uint2string@sw                           cstackCOMRAM 000010
wtemp8                                   temp         00005F


MODULE INFORMATION

Module		Function		Class		Link	Load	Size
C:\Program Files\Microchip\xc8\v2.41\pic\sources\c99\common\memset.c
		_memset        		CODE           	0C48	0000	374

C:\Program Files\Microchip\xc8\v2.41\pic\sources\c99\common\memset.c estimated size: 374

C:\Program Files\Microchip\xc8\v2.41\pic\sources\c99\common\lwdiv.c
		___lwdiv       		CODE           	2158	0000	116

C:\Program Files\Microchip\xc8\v2.41\pic\sources\c99\common\lwdiv.c estimated size: 116

shared
		_configDescriptor1		MEDIUMCONST    	3EA9	0000	67
		_USB_CD_Ptr    		MEDIUMCONST    	3EA7	0000	2
		_sd001         		MEDIUMCONST    	3F20	0000	52
		_sd002         		MEDIUMCONST    	3EEC	0000	52
		__initialization		CODE           	23D0	0000	68
		_device_dsc    		MEDIUMCONST    	3F54	0000	18
		_USB_SD_Ptr    		MEDIUMCONST    	3EA1	0000	6
		_sd000         		MEDIUMCONST    	3F66	0000	4

shared estimated size: 269

usb_device_cdc.c
		_CDCTxService  		CODE           	0AB8	0000	400
		_CDCInitEP     		CODE           	230A	0000	100
		_putsUSBUSART  		CODE           	2238	0000	106
		_getsUSBUSART  		CODE           	1CFE	0000	180
		_USBCheckCDCRequest		CODE           	1972	0000	258

usb_device_cdc.c estimated size: 1044

C:\Program Files\Microchip\xc8\v2.41\pic\sources\c99\common\memcpy.c
		_memcpy        		CODE           	2422	0000	80

C:\Program Files\Microchip\xc8\v2.41\pic\sources\c99\common\memcpy.c estimated size: 80

usb_device.c
		_USBCtrlTrfInHandler		CODE           	186A	0000	264
		_USBTransferOnePacket		CODE           	12E2	0000	318
		_USBStdGetDscHandler		CODE           	0DBE	0000	336
		_USBCtrlEPAllowDataStage		CODE           	1E62	0000	174
		_USBStdFeatureReqHandler		CODE           	0012	0000	858
		_USBCtrlEPAllowStatusStage		CODE           	1A74	0000	240
		_USBCtrlTrfSetupHandler		CODE           	2052	0000	144
		_USBCtrlTrfOutHandler		CODE           	20E2	0000	118
		_USBCtrlEPServiceComplete		CODE           	0F0E	0000	330
		_USBSuspend    		CODE           	25E6	0000	46
		_USBStdSetCfgHandler		CODE           	1B64	0000	226
		_USBStdGetStatusHandler		CODE           	1420	0000	282
		_USBWakeFromSuspend		CODE           	2504	0000	66
		_USBCtrlTrfRxService		CODE           	119E	0000	324
		_USBCtrlTrfTxService		CODE           	164E	0000	272
		_USBEnableEndpoint		CODE           	2472	0000	76
		_USBConfigureEndpoint		CODE           	1DB2	0000	176
		_USBDeviceInit 		CODE           	1058	0000	326
		_USBIncrement1msInternalTimers		CODE           	25B2	0000	52
		_USBCtrlEPService		CODE           	1C46	0000	184
		_USBStallHandler		CODE           	236E	0000	98
		_USBDeviceTasks		CODE           	0658	0000	618
		_USBCheckStdRequest		CODE           	153A	0000	276

usb_device.c estimated size: 5804

usb_events.c
		_USER_USB_CALLBACK_EVENT_HANDLER		CODE           	1FB6	0000	156

usb_events.c estimated size: 156

C:\Program Files\Microchip\xc8\v2.41\pic\sources\c99\common\Umul16.c
		___wmul        		CODE           	263E	0000	38

C:\Program Files\Microchip\xc8\v2.41\pic\sources\c99\common\Umul16.c estimated size: 38

main.c
		_uint2string   		CODE           	08C2	0000	502
		_main          		CODE           	036C	0000	748
		_skStrlen      		CODE           	22A2	0000	104
		_GetChar       		CODE           	2686	0000	30
		_Wait          		CODE           	2546	0000	54
		_skUSB_ini     		CODE           	175E	0000	268
		_UsbPutString03		CODE           	1F10	0000	166
		_PutString     		CODE           	21CC	0000	108
		_PutString01   		CODE           	2664	0000	34
		_PutString03   		CODE           	24BE	0000	70
		_PutStringLF   		CODE           	2614	0000	42

main.c estimated size: 2126

system.c
		_SYS_InterruptHigh		CODE           	0008	0000	6
		_SYSTEM_Initialize		CODE           	257C	0000	54

system.c estimated size: 60

