Microchip MPLAB XC8 Compiler V2.41

Linker command line:

--edf=C:\Program Files\Microchip\xc8\v2.41\pic\dat\20230208172133_en.msgs \
  -cn \
  -h+dist/LPCUSBDK_18F14K50/production\18F14K50-PIC-USB_UART.production.sym \
  --cmf=dist/LPCUSBDK_18F14K50/production\18F14K50-PIC-USB_UART.production.cmf \
  -z -Q18F14K50 -oC:\Users\nosak\AppData\Local\Temp\xcAsmbo.\driver_tmp_3.o \
  --defsym=__MPLAB_BUILD=1 --fixupoverflow=error \
  -Mdist/LPCUSBDK_18F14K50/production/18F14K50-PIC-USB_UART.production.map \
  --md=C:\Users\nosak\AppData\Local\Temp\xcAsmbo.\driver_tmp_0.dat -E1 \
  -ver=XC8 Compiler --acfsm=1493 -ACODE=00h-03FFFh -ACONST=00h-03FFFh \
  -ASMALLCONST=0300h-03FFhx61 -AMEDIUMCONST=0300h-03FFFh -ACOMRAM=01h-05Fh \
  -AABS1=00h-02FFh -ABIGRAM=01h-02FFh -ARAM=060h-0FFh,0100h-01FFhx2 \
  -ABANK0=060h-0FFh -ABANK1=0100h-01FFh -ABANK2=0200h-02FFh \
  -ASFR=0F53h-0F5Fh,0F60h-0FFFh -ABIGSFR=0F53h-0FFFh \
  -ACONFIG=0300000h-030000Dh -AIDLOC=0200000h-0200007h \
  -AEEDATA=0F00000h-0F000FFh -peeprom_data=EEDATA \
  -preset_vec=00h,intcode=08h,intcodelo,powerup,init -pramtop=0300h \
  -psmallconst=SMALLCONST -pmediumconst=MEDIUMCONST -pconst=CONST \
  -AFARRAM=00h-00h \
  -prdata=COMRAM,nvrram=COMRAM,nvbit=COMRAM,rbss=COMRAM,rbit=COMRAM \
  -pfarbss=FARRAM,fardata=FARRAM,nvFARRAM=FARRAM \
  -pintsave_regs=BIGRAM,bigbss=BIGRAM,bigdata=BIGRAM -pbss=RAM \
  -pidata=CODE,irdata=CODE,ibigdata=CODE,ifardata=CODE -prparam=COMRAM \
  C:\Users\nosak\AppData\Local\Temp\xcAsmbo.\driver_tmp_9.o \
  dist/LPCUSBDK_18F14K50/production\18F14K50-PIC-USB_UART.production.o 

Object code version is 3.11

Machine type is 18F14K50



                Name                               Link     Load   Length Selector   Space Scale
C:\Users\nosak\AppData\Local\Temp\xcAsmbo.\driver_tmp_9.o
                idloc                            200000   200000        8        0       5
                config                           300000   300000        E        0       4
                init                                  E        E        4        4       0
                reset_vec                             0        0        4        0       0
dist/LPCUSBDK_18F14K50/production\18F14K50-PIC-USB_UART.production.o
                intcode                               8        8        6        4       0
                idloc                            200000   200000        8        0       5
                config                           300000   300000        E        0       4
                temp                                 5F       5F        1        1       1
                mediumconst                        3EDE     3EDE      122     1F6F       0
                text46                             1026     1026      13E        4       0
                text45                              7CC      7CC      1C0        4       0
                text44                             259E     259E       28        4       0
                text43                             1A3E     1A3E       CA        4       0
                text42                             20C6     20C6       74        4       0
                text41                             25C6     25C6       26        4       0
                text40                              5D6      5D6      1F6        4       0
                text39                             1FC8     1FC8       88        4       0
                text38                             1C76     1C76       B4        4       0
                text37                             1392     1392      110        4       0
                text36                             14A2     14A2      108        4       0
                text35                             17A0     17A0       F0        4       0
                text34                              EE2      EE2      144        4       0
                text33                             2050     2050       76        4       0
                text32                             25EC     25EC       24        4       0
                text31                             22C4     22C4       62        4       0
                text30                             2262     2262       62        4       0
                text29                             16AC     16AC       F4        4       0
                text28                             1DDA     1DDA       B0        4       0
                text27                             23D0     23D0       4C        4       0
                text26                             213A     213A       64        4       0
                text25                             2570     2570       2E        4       0
                text24                             2200     2200       62        4       0
                text23                             241C     241C       4A        4       0
                text22                             15AA     15AA      102        4       0
                text21                             1D2A     1D2A       B0        4       0
                text20                               12       12      35A        4       0
                text19                              B02      B02      150        4       0
                text18                             1164     1164      11A        4       0
                text17                              98C      98C      176        4       0
                text16                             1890     1890       E2        4       0
                text15                             127E     127E      114        4       0
                text14                             1E8A     1E8A       AE        4       0
                text13                              C52      C52      14A        4       0
                text12                             1F38     1F38       90        4       0
                text11                             2380     2380       50        4       0
                text10                             1B08     1B08       B8        4       0
                text9                               D9C      D9C      146        4       0
                text8                              24DE     24DE       34        4       0
                text7                              219E     219E       62        4       0
                text6                              2542     2542       2E        4       0
                text5                              2466     2466       42        4       0
                text4                               36C      36C      26A        4       0
                text3                              2512     2512       30        4       0
                text2                              24A8     24A8       36        4       0
                text1                              1972     1972       CC        4       0
                text0                              1BC0     1BC0       B6        4       0
                cstackCOMRAM                          1        1       3E        1       1
                bssBANK1                            100      100      100      100       1
                dataBANK0                            AB       AB       22       60       1
                bssBANK0                             60       60       4B       60       1
                bssCOMRAM                            3F       3F       20        1       1
                cinit                              2326     2326       5A        4       0
                idataBANK0                         2610     2610       22        4       0

TOTAL           Name                               Link     Load   Length     Space
        CLASS   CODE           
                intcode                               8        8        6         0
                init                                  E        E        4         0
                reset_vec                             0        0        4         0
                text46                             1026     1026      13E         0
                text45                              7CC      7CC      1C0         0
                text44                             259E     259E       28         0
                text43                             1A3E     1A3E       CA         0
                text42                             20C6     20C6       74         0
                text41                             25C6     25C6       26         0
                text40                              5D6      5D6      1F6         0
                text39                             1FC8     1FC8       88         0
                text38                             1C76     1C76       B4         0
                text37                             1392     1392      110         0
                text36                             14A2     14A2      108         0
                text35                             17A0     17A0       F0         0
                text34                              EE2      EE2      144         0
                text33                             2050     2050       76         0
                text32                             25EC     25EC       24         0
                text31                             22C4     22C4       62         0
                text30                             2262     2262       62         0
                text29                             16AC     16AC       F4         0
                text28                             1DDA     1DDA       B0         0
                text27                             23D0     23D0       4C         0
                text26                             213A     213A       64         0
                text25                             2570     2570       2E         0
                text24                             2200     2200       62         0
                text23                             241C     241C       4A         0
                text22                             15AA     15AA      102         0
                text21                             1D2A     1D2A       B0         0
                text20                               12       12      35A         0
                text19                              B02      B02      150         0
                text18                             1164     1164      11A         0
                text17                              98C      98C      176         0
                text16                             1890     1890       E2         0
                text15                             127E     127E      114         0
                text14                             1E8A     1E8A       AE         0
                text13                              C52      C52      14A         0
                text12                             1F38     1F38       90         0
                text11                             2380     2380       50         0
                text10                             1B08     1B08       B8         0
                text9                               D9C      D9C      146         0
                text8                              24DE     24DE       34         0
                text7                              219E     219E       62         0
                text6                              2542     2542       2E         0
                text5                              2466     2466       42         0
                text4                               36C      36C      26A         0
                text3                              2512     2512       30         0
                text2                              24A8     24A8       36         0
                text1                              1972     1972       CC         0
                text0                              1BC0     1BC0       B6         0
                cinit                              2326     2326       5A         0
                idataBANK0                         2610     2610       22         0

        CLASS   CONST          

        CLASS   SMALLCONST     

        CLASS   MEDIUMCONST    
                mediumconst                        3EDE     3EDE      122         0

        CLASS   COMRAM         
                temp                                 5F       5F        1         1
                cstackCOMRAM                          1        1       3E         1
                bssCOMRAM                            3F       3F       20         1

        CLASS   ABS1           
                abs_s1                              200      200       C0         1

        CLASS   BIGRAM         

        CLASS   RAM            

        CLASS   BANK0          
                dataBANK0                            AB       AB       22         1
                bssBANK0                             60       60       4B         1

        CLASS   BANK1          
                bssBANK1                            100      100      100         1

        CLASS   BANK2          

        CLASS   SFR            

        CLASS   BIGSFR         

        CLASS   CONFIG         
                config                           300000   300000        E         4

        CLASS   IDLOC          
                idloc                            200000   200000        8         5

        CLASS   EEDATA         

        CLASS   FARRAM         

        CLASS   HEAP           

        CLASS   STACK          



SEGMENTS        Name                           Load    Length   Top    Selector   Space  Class

                reset_vec                      000000  000004  000004         0       0  CODE    
                cstackCOMRAM                   000001  00005F  000060         1       1  COMRAM  
                intcode                        000008  00262A  002632         4       0  CODE    
                bssBANK0                       000060  00006D  0000CD        60       1  BANK0   
                bssBANK1                       000100  000100  000200       100       1  BANK1   
                mediumconst                    003EDE  000122  004000      1F6F       0  MEDIUMCO


UNUSED ADDRESS RANGES

        Name                Unused          Largest block    Delta
        BANK0            0000CD-0000FF               33
        BANK2            0002C0-0002FF               40
        BIGRAM           0000CD-0000FF               33
                         0002C0-0002FF               40
        BIGSFR           000F53-000FFF               AD
        CODE             000004-000007                4
                         002632-003EDD             18AC
        CONST            000004-000007                4
                         002632-003EDD             18AC
        EEDATA           F00000-F000FF              100
        MEDIUMCONST      002632-003EDD             18AC
        RAM              0000CD-0000FF               33
                         0002C0-0002FF               40
        SFR              000F53-000FFF                D
        SMALLCONST       002632-003EDD              100

                                  Symbol Table

?_USBTransferOnePacket                    cstackCOMRAM 000001
?___lwdiv                                 cstackCOMRAM 000001
?___wmul                                  cstackCOMRAM 000001
APP_LEDUpdateUSBStatus@ledCount           bssCOMRAM    000051
BUTTON_Enable@button                      cstackCOMRAM 000003
CDCTxService@byte_to_send                 cstackCOMRAM 00000D
CDCTxService@i                            cstackCOMRAM 00000C
LED_Enable@led                            cstackCOMRAM 000003
LED_Off@led                               cstackCOMRAM 000003
LED_On@led                                cstackCOMRAM 000003
SYSTEM_Initialize@state                   cstackCOMRAM 000006
USBConfigureEndpoint@EPNum                cstackCOMRAM 000008
USBConfigureEndpoint@direction            cstackCOMRAM 000001
USBConfigureEndpoint@handle               cstackCOMRAM 000009
USBCtrlTrfInHandler@lastDTS               cstackCOMRAM 000002
USBCtrlTrfRxService@byteToRead            cstackCOMRAM 000002
USBCtrlTrfRxService@i                     cstackCOMRAM 000001
USBCtrlTrfTxService@byteToSend            cstackCOMRAM 000001
USBDeviceInit@i                           cstackCOMRAM 00000D
USBDeviceTasks@i                          cstackCOMRAM 000021
USBEnableEndpoint@ep                      cstackCOMRAM 00000E
USBEnableEndpoint@options                 cstackCOMRAM 00000B
USBEnableEndpoint@p                       cstackCOMRAM 00000C
USBStdFeatureReqHandler@current_ep_data   cstackCOMRAM 00001B
USBStdFeatureReqHandler@p                 cstackCOMRAM 00001C
USBStdFeatureReqHandler@pUEP              cstackCOMRAM 000019
USBStdGetStatusHandler@p                  cstackCOMRAM 000003
USBStdSetCfgHandler@i                     cstackCOMRAM 000017
USBTransferOnePacket@data                 cstackCOMRAM 000002
USBTransferOnePacket@dir                  cstackCOMRAM 000001
USBTransferOnePacket@ep                   cstackCOMRAM 000009
USBTransferOnePacket@handle               cstackCOMRAM 00000A
USBTransferOnePacket@len                  cstackCOMRAM 000004
USER_USB_CALLBACK_EVENT_HANDLER@event     cstackCOMRAM 00000F
USER_USB_CALLBACK_EVENT_HANDLER@pdata     cstackCOMRAM 000011
USER_USB_CALLBACK_EVENT_HANDLER@size      cstackCOMRAM 000013
UsbPutString01@flg                        cstackCOMRAM 000010
UsbPutString01@num                        cstackCOMRAM 000013
UsbPutString01@str                        cstackCOMRAM 00000E
UsbPutString01@string                     cstackCOMRAM 000011
UsbPutString03@data                       cstackCOMRAM 000018
UsbPutString03@flg                        cstackCOMRAM 00001A
UsbPutString03@i                          cstackCOMRAM 00003B
UsbPutString03@keta                       cstackCOMRAM 00001B
UsbPutString03@num                        cstackCOMRAM 00003A
UsbPutString03@str                        cstackCOMRAM 000016
UsbPutString03@string                     cstackCOMRAM 00001C
Wait@i                                    cstackCOMRAM 000004
Wait@num                                  cstackCOMRAM 000001
_ANSEL                                    (abs)        000F7E
_ANSELH                                   (abs)        000F7F
_APP_DeviceCDCBasicDemoInitialize         text32       0025EC
_APP_LEDUpdateUSBStatus                   text29       0016AC
_BDT                                      (abs)        000200
_BUTTON_Enable                            text25       002570
_BaudRateGen                              bssBANK0     000078
_BothEP0OutUOWNsSet                       bssBANK0     000096
_CDCDataInHandle                          bssBANK0     00008C
_CDCDataOutHandle                         bssCOMRAM    00004B
_CDCInitEP                                text26       00213A
_CDCTxService                             text45       0007CC
_CharConv                                 dataBANK0    0000AB
_CtrlTrfData                              (abs)        000238
_LATCbits                                 (abs)        000F8B
_LED_Enable                               text24       002200
_LED_Off                                  text31       0022C4
_LED_On                                   text30       002262
_OSCCON                                   (abs)        000FD3
_PIE2bits                                 (abs)        000FA0
_PIR2bits                                 (abs)        000FA1
_PORTA                                    (abs)        000F80
_PORTAbits                                (abs)        000F80
_PORTB                                    (abs)        000F81
_PORTC                                    (abs)        000F82
_RemoteWakeup                             bssBANK0     000098
_SYSTEM_Initialize                        text23       00241C
_SYS_InterruptHigh                        intcode      000008
_SetupPkt                                 (abs)        000230
_TRISA                                    (abs)        000F92
_TRISB                                    (abs)        000F93
_TRISC                                    (abs)        000F94
_TRISCbits                                (abs)        000F94
_UADDR                                    (abs)        000F5C
_UCFG                                     (abs)        000F61
_UCON                                     (abs)        000F64
_UCONbits                                 (abs)        000F64
_UEIE                                     (abs)        000F5B
_UEIR                                     (abs)        000F5F
_UEP0                                     (abs)        000F53
_UEP0bits                                 (abs)        000F53
_UEP1                                     (abs)        000F54
_UIE                                      (abs)        000F60
_UIEbits                                  (abs)        000F60
_UIR                                      (abs)        000F62
_UIRbits                                  (abs)        000F62
_USB1msTickCount                          bssBANK0     00007C
_USBActiveConfiguration                   bssCOMRAM    00005E
_USBAlternateInterface                    bssBANK0     0000A9
_USBBusIsSuspended                        bssBANK0     000097
_USBCheckCDCRequest                       text22       0015AA
_USBCheckStdRequest                       text15       00127E
_USBConfigureEndpoint                     text28       001DDA
_USBCtrlEPAllowDataStage                  text14       001E8A
_USBCtrlEPAllowStatusStage                text35       0017A0
_USBCtrlEPService                         text10       001B08
_USBCtrlEPServiceComplete                 text13       000C52
_USBCtrlTrfInHandler                      text36       0014A2
_USBCtrlTrfOutHandler                     text33       002050
_USBCtrlTrfRxService                      text34       000EE2
_USBCtrlTrfSetupHandler                   text12       001F38
_USBCtrlTrfTxService                      text37       001392
_USBDeferINDataStagePackets               bssBANK0     000094
_USBDeferOUTDataStagePackets              bssBANK0     000093
_USBDeferStatusStagePacket                bssCOMRAM    000056
_USBDeviceInit                            text9        000D9C
_USBDeviceState                           bssCOMRAM    00005C
_USBDeviceTasks                           text4        00036C
_USBEnableEndpoint                        text27       0023D0
_USBIncrement1msInternalTimers            text8        0024DE
_USBStallHandler                          text7        00219E
_USBStatusStageEnabledFlag1               bssCOMRAM    000055
_USBStatusStageEnabledFlag2               bssBANK0     000095
_USBStatusStageTimeoutCounter             bssCOMRAM    000057
_USBStdFeatureReqHandler                  text20       000012
_USBStdGetDscHandler                      text19       000B02
_USBStdGetStatusHandler                   text18       001164
_USBStdSetCfgHandler                      text16       001890
_USBSuspend                               text6        002542
_USBTicksSinceSuspendEnd                  bssBANK0     000092
_USBTransferOnePacket                     text46       001026
_USBWakeFromSuspend                       text5        002466
_USB_CD_Ptr                               mediumconst  003EE5
_USB_In_Buffer                            bssBANK1     000140
_USB_Out_Buffer                           bssBANK1     000100
_USB_SD_Ptr                               mediumconst  003EDF
_USER_USB_CALLBACK_EVENT_HANDLER          text21       001D2A
_USTAT                                    (abs)        000F63
_USTATcopy                                bssCOMRAM    00005D
_UsbPutString01                           text3        002512
_UsbPutString03                           text39       001FC8
_Wait                                     text2        0024A8
__HRAM                                    (abs)        000000
__H__absolute__                           __absolute__ 000000
__Habs1                                   abs1         000000
__Hbank0                                  bank0        000000
__Hbank1                                  bank1        000000
__Hbank2                                  bank2        000000
__Hbigbss                                 bigbss       000000
__Hbigdata                                bigdata      000000
__Hbigram                                 bigram       000000
__Hbigsfr                                 bigsfr       000000
__Hbss                                    bss          000000
__HbssBANK0                               bssBANK0     000000
__HbssBANK1                               bssBANK1     000000
__HbssCOMRAM                              bssCOMRAM    000000
__Hcinit                                  cinit        000000
__Hclrtext                                clrtext      000000
__Hcomram                                 comram       000000
__Hconfig                                 config       30000E
__Hconst                                  const        000000
__HcstackCOMRAM                           cstackCOMRAM 000000
__Hdata                                   data         000000
__HdataBANK0                              dataBANK0    000000
__Heeprom_data                            eeprom_data  000000
__Hfarbss                                 farbss       000000
__Hfardata                                fardata      000000
__Hheap                                   heap         000000
__Hibigdata                               ibigdata     000000
__Hidata                                  idata        000000
__HidataBANK0                             idataBANK0   000000
__Hidloc                                  idloc        200008
__Hifardata                               ifardata     000000
__Hinit                                   init         000012
__Hintcode                                intcode      00000E
__Hintcode_body                           intcode_body 000000
__Hintcodelo                              intcodelo    00000E
__Hintentry                               intentry     000000
__Hintret                                 intret       000000
__Hintsave_regs                           intsave_regs 000000
__Hirdata                                 irdata       000000
__Hmediumconst                            mediumconst  004000
__HnvFARRAM                               nvFARRAM     000000
__Hnvbit                                  nvbit        000000
__Hnvrram                                 nvrram       000000
__Hparam                                  rparam       000000
__Hpowerup                                powerup      00000E
__Hram                                    ram          000000
__Hramtop                                 ramtop       000300
__Hrbit                                   rbit         000000
__Hrbss                                   rbss         000000
__Hrdata                                  rdata        000000
__Hreset_vec                              reset_vec    000004
__Hrparam                                 rparam       000000
__Hsfr                                    sfr          000000
__Hsmallconst                             smallconst   000000
__Hspace_0                                (abs)        004000
__Hspace_1                                (abs)        000200
__Hspace_2                                (abs)        000000
__Hspace_4                                (abs)        60000E
__Hstack                                  stack        000000
__Hstruct                                 struct       000000
__Htemp                                   temp         000060
__Htext                                   text         000000
__Htext0                                  text0        000000
__Htext1                                  text1        000000
__Htext10                                 text10       000000
__Htext11                                 text11       000000
__Htext12                                 text12       000000
__Htext13                                 text13       000000
__Htext14                                 text14       000000
__Htext15                                 text15       000000
__Htext16                                 text16       000000
__Htext17                                 text17       000000
__Htext18                                 text18       000000
__Htext19                                 text19       000000
__Htext2                                  text2        000000
__Htext20                                 text20       000000
__Htext21                                 text21       000000
__Htext22                                 text22       000000
__Htext23                                 text23       000000
__Htext24                                 text24       000000
__Htext25                                 text25       000000
__Htext26                                 text26       000000
__Htext27                                 text27       000000
__Htext28                                 text28       000000
__Htext29                                 text29       000000
__Htext3                                  text3        000000
__Htext30                                 text30       000000
__Htext31                                 text31       000000
__Htext32                                 text32       000000
__Htext33                                 text33       000000
__Htext34                                 text34       000000
__Htext35                                 text35       000000
__Htext36                                 text36       000000
__Htext37                                 text37       000000
__Htext38                                 text38       000000
__Htext39                                 text39       000000
__Htext4                                  text4        000000
__Htext40                                 text40       000000
__Htext41                                 text41       000000
__Htext42                                 text42       000000
__Htext43                                 text43       000000
__Htext44                                 text44       000000
__Htext45                                 text45       000000
__Htext46                                 text46       000000
__Htext5                                  text5        000000
__Htext6                                  text6        000000
__Htext7                                  text7        000000
__Htext8                                  text8        000000
__Htext9                                  text9        000000
__LRAM                                    (abs)        000001
__L__absolute__                           __absolute__ 000000
__Labs1                                   abs1         000000
__Lbank0                                  bank0        000000
__Lbank1                                  bank1        000000
__Lbank2                                  bank2        000000
__Lbigbss                                 bigbss       000000
__Lbigdata                                bigdata      000000
__Lbigram                                 bigram       000000
__Lbigsfr                                 bigsfr       000000
__Lbss                                    bss          000000
__LbssBANK0                               bssBANK0     000000
__LbssBANK1                               bssBANK1     000000
__LbssCOMRAM                              bssCOMRAM    000000
__Lcinit                                  cinit        000000
__Lclrtext                                clrtext      000000
__Lcomram                                 comram       000000
__Lconfig                                 config       000000
__Lconst                                  const        000000
__LcstackCOMRAM                           cstackCOMRAM 000000
__Ldata                                   data         000000
__LdataBANK0                              dataBANK0    000000
__Leeprom_data                            eeprom_data  000000
__Lfarbss                                 farbss       000000
__Lfardata                                fardata      000000
__Lheap                                   heap         000000
__Libigdata                               ibigdata     000000
__Lidata                                  idata        000000
__LidataBANK0                             idataBANK0   000000
__Lidloc                                  idloc        000000
__Lifardata                               ifardata     000000
__Linit                                   init         00000E
__Lintcode                                intcode      000008
__Lintcode_body                           intcode_body 000000
__Lintcodelo                              intcodelo    00000E
__Lintentry                               intentry     000000
__Lintret                                 intret       000000
__Lintsave_regs                           intsave_regs 000000
__Lirdata                                 irdata       000000
__Lmediumconst                            mediumconst  003EDE
__LnvFARRAM                               nvFARRAM     000000
__Lnvbit                                  nvbit        000000
__Lnvrram                                 nvrram       000000
__Lparam                                  rparam       000000
__Lpowerup                                powerup      00000E
__Lram                                    ram          000000
__Lramtop                                 ramtop       000300
__Lrbit                                   rbit         000000
__Lrbss                                   rbss         000000
__Lrdata                                  rdata        000000
__Lreset_vec                              reset_vec    000000
__Lrparam                                 rparam       000000
__Lsfr                                    sfr          000000
__Lsmallconst                             smallconst   000000
__Lspace_0                                (abs)        000000
__Lspace_1                                (abs)        000000
__Lspace_2                                (abs)        000000
__Lspace_4                                (abs)        000000
__Lstack                                  stack        000000
__Lstruct                                 struct       000000
__Ltemp                                   temp         00005F
__Ltext                                   text         000000
__Ltext0                                  text0        000000
__Ltext1                                  text1        000000
__Ltext10                                 text10       000000
__Ltext11                                 text11       000000
__Ltext12                                 text12       000000
__Ltext13                                 text13       000000
__Ltext14                                 text14       000000
__Ltext15                                 text15       000000
__Ltext16                                 text16       000000
__Ltext17                                 text17       000000
__Ltext18                                 text18       000000
__Ltext19                                 text19       000000
__Ltext2                                  text2        000000
__Ltext20                                 text20       000000
__Ltext21                                 text21       000000
__Ltext22                                 text22       000000
__Ltext23                                 text23       000000
__Ltext24                                 text24       000000
__Ltext25                                 text25       000000
__Ltext26                                 text26       000000
__Ltext27                                 text27       000000
__Ltext28                                 text28       000000
__Ltext29                                 text29       000000
__Ltext3                                  text3        000000
__Ltext30                                 text30       000000
__Ltext31                                 text31       000000
__Ltext32                                 text32       000000
__Ltext33                                 text33       000000
__Ltext34                                 text34       000000
__Ltext35                                 text35       000000
__Ltext36                                 text36       000000
__Ltext37                                 text37       000000
__Ltext38                                 text38       000000
__Ltext39                                 text39       000000
__Ltext4                                  text4        000000
__Ltext40                                 text40       000000
__Ltext41                                 text41       000000
__Ltext42                                 text42       000000
__Ltext43                                 text43       000000
__Ltext44                                 text44       000000
__Ltext45                                 text45       000000
__Ltext46                                 text46       000000
__Ltext5                                  text5        000000
__Ltext6                                  text6        000000
__Ltext7                                  text7        000000
__Ltext8                                  text8        000000
__Ltext9                                  text9        000000
__S0                                      (abs)        004000
__S1                                      (abs)        000200
__S4                                      (abs)        000000
__S5                                      (abs)        000000
___heap_hi                                (abs)        000000
___heap_lo                                (abs)        000000
___inthi_sp                               stack        000000
___intlo_sp                               stack        000000
___lwdiv                                  text42       0020C6
___lwdiv@counter                          cstackCOMRAM 000007
___lwdiv@dividend                         cstackCOMRAM 000001
___lwdiv@divisor                          cstackCOMRAM 000003
___lwdiv@quotient                         cstackCOMRAM 000005
___param_bank                             (abs)        000000
___rparam_used                            (abs)        000001
___sp                                     stack        000000
___wmul                                   text41       0025C6
___wmul@multiplicand                      cstackCOMRAM 000003
___wmul@multiplier                        cstackCOMRAM 000001
___wmul@product                           cstackCOMRAM 000005
__accesstop                               (abs)        000060
__activetblptr                            (abs)        000002
__end_of_APP_DeviceCDCBasicDemoInitialize text32       002610
__end_of_APP_LEDUpdateUSBStatus           text29       0017A0
__end_of_BUTTON_Enable                    text25       00259E
__end_of_CDCInitEP                        text26       00219E
__end_of_CDCTxService                     text45       00098C
__end_of_LED_Enable                       text24       002262
__end_of_LED_Off                          text31       002326
__end_of_LED_On                           text30       0022C4
__end_of_SYSTEM_Initialize                text23       002466
__end_of_SYS_InterruptHigh                intcode      00000E
__end_of_USBCheckCDCRequest               text22       0016AC
__end_of_USBCheckStdRequest               text15       001392
__end_of_USBConfigureEndpoint             text28       001E8A
__end_of_USBCtrlEPAllowDataStage          text14       001F38
__end_of_USBCtrlEPAllowStatusStage        text35       001890
__end_of_USBCtrlEPService                 text10       001BC0
__end_of_USBCtrlEPServiceComplete         text13       000D9C
__end_of_USBCtrlTrfInHandler              text36       0015AA
__end_of_USBCtrlTrfOutHandler             text33       0020C6
__end_of_USBCtrlTrfRxService              text34       001026
__end_of_USBCtrlTrfSetupHandler           text12       001FC8
__end_of_USBCtrlTrfTxService              text37       0014A2
__end_of_USBDeviceInit                    text9        000EE2
__end_of_USBDeviceTasks                   text4        0005D6
__end_of_USBEnableEndpoint                text27       00241C
__end_of_USBIncrement1msInternalTimers    text8        002512
__end_of_USBStallHandler                  text7        002200
__end_of_USBStdFeatureReqHandler          text20       00036C
__end_of_USBStdGetDscHandler              text19       000C52
__end_of_USBStdGetStatusHandler           text18       00127E
__end_of_USBStdSetCfgHandler              text16       001972
__end_of_USBSuspend                       text6        002570
__end_of_USBTransferOnePacket             text46       001164
__end_of_USBWakeFromSuspend               text5        0024A8
__end_of_USB_CD_Ptr                       mediumconst  003EE7
__end_of_USB_SD_Ptr                       mediumconst  003EE5
__end_of_USER_USB_CALLBACK_EVENT_HANDLER  text21       001DDA
__end_of_UsbPutString01                   text3        002542
__end_of_UsbPutString03                   text39       002050
__end_of_Wait                             text2        0024DE
__end_of___lwdiv                          text42       00213A
__end_of___wmul                           text41       0025EC
__end_of__initialization                  cinit        002372
__end_of_configDescriptor1                mediumconst  003F2A
__end_of_device_dsc                       mediumconst  003FA4
__end_of_getsUSBUSART                     text38       001D2A
__end_of_main                             text0        001C76
__end_of_memcpy                           text11       0023D0
__end_of_memset                           text17       000B02
__end_of_putUSBUSART                      text44       0025C6
__end_of_sd000                            mediumconst  003FA8
__end_of_sd001                            mediumconst  003F92
__end_of_sd002                            mediumconst  003F5E
__end_of_skStrlen                         text43       001B08
__end_of_skUSB_ini                        text1        001A3E
__end_of_uint2string                      text40       0007CC
__initialization                          cinit        002326
__mediumconst                             mediumconst  003EDE
__pbssBANK0                               bssBANK0     000060
__pbssBANK1                               bssBANK1     000100
__pbssCOMRAM                              bssCOMRAM    00003F
__pcinit                                  cinit        002326
__pcstackCOMRAM                           cstackCOMRAM 000001
__pdataBANK0                              dataBANK0    0000AB
__pidataBANK0                             idataBANK0   002610
__pintcode                                intcode      000008
__pmediumconst                            mediumconst  003EDE
__ptext0                                  text0        001BC0
__ptext1                                  text1        001972
__ptext10                                 text10       001B08
__ptext11                                 text11       002380
__ptext12                                 text12       001F38
__ptext13                                 text13       000C52
__ptext14                                 text14       001E8A
__ptext15                                 text15       00127E
__ptext16                                 text16       001890
__ptext17                                 text17       00098C
__ptext18                                 text18       001164
__ptext19                                 text19       000B02
__ptext2                                  text2        0024A8
__ptext20                                 text20       000012
__ptext21                                 text21       001D2A
__ptext22                                 text22       0015AA
__ptext23                                 text23       00241C
__ptext24                                 text24       002200
__ptext25                                 text25       002570
__ptext26                                 text26       00213A
__ptext27                                 text27       0023D0
__ptext28                                 text28       001DDA
__ptext29                                 text29       0016AC
__ptext3                                  text3        002512
__ptext30                                 text30       002262
__ptext31                                 text31       0022C4
__ptext32                                 text32       0025EC
__ptext33                                 text33       002050
__ptext34                                 text34       000EE2
__ptext35                                 text35       0017A0
__ptext36                                 text36       0014A2
__ptext37                                 text37       001392
__ptext38                                 text38       001C76
__ptext39                                 text39       001FC8
__ptext4                                  text4        00036C
__ptext40                                 text40       0005D6
__ptext41                                 text41       0025C6
__ptext42                                 text42       0020C6
__ptext43                                 text43       001A3E
__ptext44                                 text44       00259E
__ptext45                                 text45       0007CC
__ptext46                                 text46       001026
__ptext5                                  text5        002466
__ptext6                                  text6        002542
__ptext7                                  text7        00219E
__ptext8                                  text8        0024DE
__ptext9                                  text9        000D9C
__ramtop                                  ramtop       000300
__smallconst                              smallconst   000000
_buttonMessage                            dataBANK0    0000BB
_buttonPressed                            bssBANK0     000099
_cdc_data_rx                              (abs)        000280
_cdc_data_tx                              (abs)        000240
_cdc_mem_type                             bssBANK0     000091
_cdc_notice                               bssBANK0     000060
_cdc_rx_len                               bssCOMRAM    000054
_cdc_trf_state                            bssCOMRAM    00005B
_cdc_tx_len                               bssCOMRAM    000053
_configDescriptor1                        mediumconst  003EE7
_controlTransferState                     bssCOMRAM    000059
_control_signal_bitmap                    bssBANK0     000090
_device_dsc                               mediumconst  003F92
_dummy_encapsulated_cmd_response          bssBANK0     00009A
_endpoint_number                          bssCOMRAM    000058
_ep_data_in                               bssBANK0     000089
_ep_data_out                              bssBANK0     000086
_getsUSBUSART                             text38       001C76
_inPipes                                  bssCOMRAM    00003F
_line_coding                              bssBANK0     0000A2
_main                                     text0        001BC0
_memcpy                                   text11       002380
_memset                                   text17       00098C
_outPipes                                 bssBANK0     00006A
_pBDTEntryEP0OutCurrent                   bssCOMRAM    00004F
_pBDTEntryEP0OutNext                      bssCOMRAM    00004D
_pBDTEntryIn                              bssCOMRAM    000045
_pBDTEntryOut                             bssBANK0     000072
_pCDCDst                                  bssBANK0     000080
_pCDCSrc                                  bssBANK0     000083
_pDst                                     bssBANK0     00008E
_putUSBUSART                              text44       00259E
_readBuffer                               bssBANK1     0001C0
_sd000                                    mediumconst  003FA4
_sd001                                    mediumconst  003F5E
_sd002                                    mediumconst  003F2A
_shortPacketStatus                        bssCOMRAM    00005A
_skStrlen                                 text43       001A3E
_skUSB_ini                                text1        001972
_uint2string                              text40       0005D6
_writeBuffer                              bssBANK1     000180
btemp                                     temp         00005F
end_of_initialization                     cinit        002372
getsUSBUSART@buffer                       cstackCOMRAM 00000C
getsUSBUSART@len                          cstackCOMRAM 00000E
int$flags                                 temp         00005F
intlevel0                                 text         000000
intlevel1                                 text         000000
intlevel2                                 text         000000
intlevel3                                 text         000000
isa$std                                   (abs)        000001
isa$xinst                                 (abs)        000000
main@i                                    cstackCOMRAM 00003D
main@numBytesRead                         cstackCOMRAM 00003E
memcpy@d                                  cstackCOMRAM 000007
memcpy@d1                                 cstackCOMRAM 000001
memcpy@n                                  cstackCOMRAM 000005
memcpy@s                                  cstackCOMRAM 000009
memcpy@s1                                 cstackCOMRAM 000003
memcpy@tmp                                cstackCOMRAM 00000B
memset@c                                  cstackCOMRAM 000003
memset@dest                               cstackCOMRAM 000001
memset@k                                  cstackCOMRAM 000009
memset@n                                  cstackCOMRAM 000005
memset@s                                  cstackCOMRAM 00000B
putUSBUSART@data                          cstackCOMRAM 000001
putUSBUSART@length                        cstackCOMRAM 000003
skStrlen@flg                              cstackCOMRAM 000003
skStrlen@rtn                              cstackCOMRAM 000004
skStrlen@str                              cstackCOMRAM 000001
stackhi                                   (abs)        000000
stacklo                                   (abs)        000000
start                                     init         00000E
start_initialization                      cinit        002326
ttemp5                                    temp         000060
ttemp6                                    temp         000063
ttemp7                                    temp         000067
uint2string@buf                           cstackCOMRAM 000008
uint2string@data                          cstackCOMRAM 00000A
uint2string@dt                            cstackCOMRAM 000014
uint2string@flg                           cstackCOMRAM 00000C
uint2string@i                             cstackCOMRAM 000012
uint2string@sw                            cstackCOMRAM 000010
wtemp8                                    temp         000060


MODULE INFORMATION

Module		Function		Class		Link	Load	Size
C:\Program Files\Microchip\xc8\v2.41\pic\sources\c99\common\memset.c
		_memset        		CODE           	098C	0000	374

C:\Program Files\Microchip\xc8\v2.41\pic\sources\c99\common\memset.c estimated size: 374

C:\Program Files\Microchip\xc8\v2.41\pic\sources\c99\common\lwdiv.c
		___lwdiv       		CODE           	20C6	0000	116

C:\Program Files\Microchip\xc8\v2.41\pic\sources\c99\common\lwdiv.c estimated size: 116

buttons.c
		_BUTTON_Enable 		CODE           	2570	0000	46

buttons.c estimated size: 46

app_led_usb_status.c
		_APP_LEDUpdateUSBStatus		CODE           	16AC	0000	244

app_led_usb_status.c estimated size: 244

shared
		_configDescriptor1		MEDIUMCONST    	3EE7	0000	67
		_USB_CD_Ptr    		MEDIUMCONST    	3EE5	0000	2
		_sd001         		MEDIUMCONST    	3F5E	0000	52
		_sd002         		MEDIUMCONST    	3F2A	0000	52
		__initialization		CODE           	2326	0000	76
		_device_dsc    		MEDIUMCONST    	3F92	0000	18
		_USB_SD_Ptr    		MEDIUMCONST    	3EDF	0000	6
		_sd000         		MEDIUMCONST    	3FA4	0000	4

shared estimated size: 277

usb_device_cdc.c
		_CDCTxService  		CODE           	07CC	0000	448
		_CDCInitEP     		CODE           	213A	0000	100
		_putUSBUSART   		CODE           	259E	0000	40
		_getsUSBUSART  		CODE           	1C76	0000	180
		_USBCheckCDCRequest		CODE           	15AA	0000	258

usb_device_cdc.c estimated size: 1026

leds.c
		_LED_Off       		CODE           	22C4	0000	98
		_LED_On        		CODE           	2262	0000	98
		_LED_Enable    		CODE           	2200	0000	98

leds.c estimated size: 294

C:\Program Files\Microchip\xc8\v2.41\pic\sources\c99\common\memcpy.c
		_memcpy        		CODE           	2380	0000	80

C:\Program Files\Microchip\xc8\v2.41\pic\sources\c99\common\memcpy.c estimated size: 80

usb_device.c
		_USBCtrlTrfInHandler		CODE           	14A2	0000	264
		_USBTransferOnePacket		CODE           	1026	0000	318
		_USBStdGetDscHandler		CODE           	0B02	0000	336
		_USBCtrlEPAllowDataStage		CODE           	1E8A	0000	174
		_USBStdFeatureReqHandler		CODE           	0012	0000	858
		_USBCtrlEPAllowStatusStage		CODE           	17A0	0000	240
		_USBCtrlTrfSetupHandler		CODE           	1F38	0000	144
		_USBCtrlTrfOutHandler		CODE           	2050	0000	118
		_USBCtrlEPServiceComplete		CODE           	0C52	0000	330
		_USBSuspend    		CODE           	2542	0000	46
		_USBStdSetCfgHandler		CODE           	1890	0000	226
		_USBStdGetStatusHandler		CODE           	1164	0000	282
		_USBWakeFromSuspend		CODE           	2466	0000	66
		_USBCtrlTrfRxService		CODE           	0EE2	0000	324
		_USBCtrlTrfTxService		CODE           	1392	0000	272
		_USBEnableEndpoint		CODE           	23D0	0000	76
		_USBConfigureEndpoint		CODE           	1DDA	0000	176
		_USBDeviceInit 		CODE           	0D9C	0000	326
		_USBIncrement1msInternalTimers		CODE           	24DE	0000	52
		_USBCtrlEPService		CODE           	1B08	0000	184
		_USBStallHandler		CODE           	219E	0000	98
		_USBDeviceTasks		CODE           	036C	0000	618
		_USBCheckStdRequest		CODE           	127E	0000	276

usb_device.c estimated size: 5804

usb_events.c
		_USER_USB_CALLBACK_EVENT_HANDLER		CODE           	1D2A	0000	176

usb_events.c estimated size: 176

C:\Program Files\Microchip\xc8\v2.41\pic\sources\c99\common\Umul16.c
		___wmul        		CODE           	25C6	0000	38

C:\Program Files\Microchip\xc8\v2.41\pic\sources\c99\common\Umul16.c estimated size: 38

app_device_cdc_basic.c
		_APP_DeviceCDCBasicDemoInitialize		CODE           	25EC	0000	36

app_device_cdc_basic.c estimated size: 36

main.c
		_uint2string   		CODE           	05D6	0000	502
		_main          		CODE           	1BC0	0000	182
		_skStrlen      		CODE           	1A3E	0000	202
		_Wait          		CODE           	24A8	0000	54
		_skUSB_ini     		CODE           	1972	0000	204
		_UsbPutString01		CODE           	2512	0000	48
		_UsbPutString03		CODE           	1FC8	0000	136

main.c estimated size: 1328

system.c
		_SYS_InterruptHigh		CODE           	0008	0000	6
		_SYSTEM_Initialize		CODE           	241C	0000	74

system.c estimated size: 80

