Microchip MPLAB XC8 Compiler V2.41

Linker command line:

--edf=C:\Program Files\Microchip\xc8\v2.41\pic\dat\20230208172133_en.msgs \
  -cn -h+dist/LPCUSBDK_18F14K50/production\CDC.production.sym \
  --cmf=dist/LPCUSBDK_18F14K50/production\CDC.production.cmf -z -Q18F14K50 \
  -oC:\Users\nosak\AppData\Local\Temp\xcAslb4.\driver_tmp_3.o \
  --defsym=__MPLAB_BUILD=1 --fixupoverflow=error \
  -Mdist/LPCUSBDK_18F14K50/production/CDC.production.map \
  --md=C:\Users\nosak\AppData\Local\Temp\xcAslb4.\driver_tmp_0.dat -E1 \
  -ver=XC8 Compiler --acfsm=1493 -ACODE=00h-03FFFh -ACONST=00h-03FFFh \
  -ASMALLCONST=0300h-03FFhx61 -AMEDIUMCONST=0300h-03FFFh -ACOMRAM=01h-05Fh \
  -AABS1=00h-02FFh -ABIGRAM=01h-02FFh -ARAM=060h-0FFh,0100h-01FFhx2 \
  -ABANK0=060h-0FFh -ABANK1=0100h-01FFh -ABANK2=0200h-02FFh \
  -ASFR=0F53h-0F5Fh,0F60h-0FFFh -ABIGSFR=0F53h-0FFFh \
  -ACONFIG=0300000h-030000Dh -AIDLOC=0200000h-0200007h \
  -AEEDATA=0F00000h-0F000FFh -peeprom_data=EEDATA \
  -preset_vec=00h,intcode=08h,intcodelo,powerup,init -pramtop=0300h \
  -psmallconst=SMALLCONST -pmediumconst=MEDIUMCONST -pconst=CONST \
  -AFARRAM=00h-00h \
  -prdata=COMRAM,nvrram=COMRAM,nvbit=COMRAM,rbss=COMRAM,rbit=COMRAM \
  -pfarbss=FARRAM,fardata=FARRAM,nvFARRAM=FARRAM \
  -pintsave_regs=BIGRAM,bigbss=BIGRAM,bigdata=BIGRAM -pbss=RAM \
  -pidata=CODE,irdata=CODE,ibigdata=CODE,ifardata=CODE -prparam=COMRAM \
  C:\Users\nosak\AppData\Local\Temp\xcAslb4.\driver_tmp_9.o \
  dist/LPCUSBDK_18F14K50/production\CDC.production.o 

Object code version is 3.11

Machine type is 18F14K50



                Name                               Link     Load   Length Selector   Space Scale
C:\Users\nosak\AppData\Local\Temp\xcAslb4.\driver_tmp_9.o
                idloc                            200000   200000        8        0       5
                config                           300000   300000        E        0       4
                init                                  E        E        4        4       0
                reset_vec                             0        0        4        0       0
dist/LPCUSBDK_18F14K50/production\CDC.production.o
                intcode                               8        8        6        4       0
                idloc                            200000   200000        8        0       5
                config                           300000   300000        E        0       4
                temp                                 5D       5D        1        1       1
                smallconst                          300      300       CC      180       0
                text39                             11A0     11A0      13E      1E6       0
                text38                              984      984      190      1E6       0
                text37                             1C94     1C94       B4      1E6       0
                text36                             247C     247C       26      1E6       0
                text35                             1818     1818      100      1E6       0
                text34                             1508     1508      10A      1E6       0
                text33                             1612     1612      106      1E6       0
                text32                             1A0C     1A0C       EE      1E6       0
                text31                              F1E      F1E      142      1E6       0
                text30                             1FE2     1FE2       74      1E6       0
                text29                             24A2     24A2       24      1E6       0
                text28                             21DE     21DE       62      1E6       0
                text27                             217C     217C       62      1E6       0
                text26                             1918     1918       F4      1E6       0
                text25                             1DF8     1DF8       B0      1E6       0
                text24                             22E2     22E2       4C      1E6       0
                text23                             211A     211A       62      1E6       0
                text22                             2422     2422       2E      1E6       0
                text21                             20B8     20B8       62      1E6       0
                text20                             232E     232E       4A      1E6       0
                text19                             1718     1718      100      1E6       0
                text18                             1D48     1D48       B0      1E6       0
                text17                              3CC      3CC      350      1E6       0
                text16                              C8A      C8A      150      1E6       0
                text15                             12DE     12DE      116      1E6       0
                text14                              B14      B14      176      1E6       0
                text13                             1AFA     1AFA       E2      1E6       0
                text12                             13F4     13F4      114      1E6       0
                text11                             1EA8     1EA8       AC      1E6       0
                text10                             1060     1060      140      1E6       0
                text9                              1F54     1F54       8E      1E6       0
                text8                              2292     2292       50      1E6       0
                text7                              1BDC     1BDC       B8      1E6       0
                text6                               DDA      DDA      144      1E6       0
                text5                              23EE     23EE       34      1E6       0
                text4                              2056     2056       62      1E6       0
                text3                              2450     2450       2C      1E6       0
                text2                              2378     2378       3E      1E6       0
                text1                               71C      71C      268      1E6       0
                text0                              23B6     23B6       38      1E6       0
                cstackCOMRAM                         3C       3C       21        1       1
                bssBANK1                            100      100       C0      100       1
                dataBANK0                            D0       D0       12       60       1
                bssBANK0                             60       60       70       60       1
                bssCOMRAM                             1        1       3B        1       1
                cinit                              2240     2240       52      1E6       0
                idataBANK0                         24C6     24C6       12      1E6       0

TOTAL           Name                               Link     Load   Length     Space
        CLASS   CODE           
                intcode                               8        8        6         0
                init                                  E        E        4         0
                reset_vec                             0        0        4         0
                text39                             11A0     11A0      13E         0
                text38                              984      984      190         0
                text37                             1C94     1C94       B4         0
                text36                             247C     247C       26         0
                text35                             1818     1818      100         0
                text34                             1508     1508      10A         0
                text33                             1612     1612      106         0
                text32                             1A0C     1A0C       EE         0
                text31                              F1E      F1E      142         0
                text30                             1FE2     1FE2       74         0
                text29                             24A2     24A2       24         0
                text28                             21DE     21DE       62         0
                text27                             217C     217C       62         0
                text26                             1918     1918       F4         0
                text25                             1DF8     1DF8       B0         0
                text24                             22E2     22E2       4C         0
                text23                             211A     211A       62         0
                text22                             2422     2422       2E         0
                text21                             20B8     20B8       62         0
                text20                             232E     232E       4A         0
                text19                             1718     1718      100         0
                text18                             1D48     1D48       B0         0
                text17                              3CC      3CC      350         0
                text16                              C8A      C8A      150         0
                text15                             12DE     12DE      116         0
                text14                              B14      B14      176         0
                text13                             1AFA     1AFA       E2         0
                text12                             13F4     13F4      114         0
                text11                             1EA8     1EA8       AC         0
                text10                             1060     1060      140         0
                text9                              1F54     1F54       8E         0
                text8                              2292     2292       50         0
                text7                              1BDC     1BDC       B8         0
                text6                               DDA      DDA      144         0
                text5                              23EE     23EE       34         0
                text4                              2056     2056       62         0
                text3                              2450     2450       2C         0
                text2                              2378     2378       3E         0
                text1                               71C      71C      268         0
                text0                              23B6     23B6       38         0
                cinit                              2240     2240       52         0
                idataBANK0                         24C6     24C6       12         0

        CLASS   CONST          

        CLASS   SMALLCONST     
                smallconst                          300      300       CC         0

        CLASS   MEDIUMCONST    

        CLASS   COMRAM         
                temp                                 5D       5D        1         1
                cstackCOMRAM                         3C       3C       21         1
                bssCOMRAM                             1        1       3B         1

        CLASS   ABS1           
                abs_s1                              200      200       C0         1

        CLASS   BIGRAM         

        CLASS   RAM            

        CLASS   BANK0          
                dataBANK0                            D0       D0       12         1
                bssBANK0                             60       60       70         1

        CLASS   BANK1          
                bssBANK1                            100      100       C0         1

        CLASS   BANK2          

        CLASS   SFR            

        CLASS   BIGSFR         

        CLASS   CONFIG         
                config                           300000   300000        E         4

        CLASS   IDLOC          
                idloc                            200000   200000        8         5

        CLASS   EEDATA         

        CLASS   FARRAM         

        CLASS   HEAP           

        CLASS   STACK          



SEGMENTS        Name                           Load    Length   Top    Selector   Space  Class

                reset_vec                      000000  000004  000004         0       0  CODE    
                bssCOMRAM                      000001  00005D  00005E         1       1  COMRAM  
                intcode                        000008  00000A  000012         4       0  CODE    
                bssBANK0                       000060  000082  0000E2        60       1  BANK0   
                bssBANK1                       000100  0000C0  0001C0       100       1  BANK1   
                smallconst                     000300  0000CC  0003CC       180       0  SMALLCON
                text17                         0003CC  00210C  0024D8       1E6       0  CODE    


UNUSED ADDRESS RANGES

        Name                Unused          Largest block    Delta
        BANK0            0000E2-0000FF               1E
        BANK1            0001C0-0001FF               40
        BANK2            0002C0-0002FF               40
        BIGRAM           00005E-00005F                2
                         0000E2-0000FF               1E
                         0001C0-0001FF               40
                         0002C0-0002FF               40
        BIGSFR           000F53-000FFF               AD
        CODE             000004-000007                4
                         000012-0002FF              2EE
                         0024D8-003FFF             1B28
        COMRAM           00005E-00005F                2
        CONST            000004-000007                4
                         000012-0002FF              2EE
                         0024D8-003FFF             1B28
        EEDATA           F00000-F000FF              100
        MEDIUMCONST      0024D8-003FFF             1B28
        RAM              0000E2-0000FF               1E
                         0001C0-0001FF               40
                         0002C0-0002FF               40
        SFR              000F53-000FFF                D
        SMALLCONST       0024D8-003FFF              100

                                  Symbol Table

?_USBTransferOnePacket                    cstackCOMRAM 00003C
APP_LEDUpdateUSBStatus@ledCount           bssCOMRAM    000022
BUTTON_Enable@button                      cstackCOMRAM 00003E
CDCTxService@byte_to_send                 cstackCOMRAM 000048
CDCTxService@i                            cstackCOMRAM 000047
LED_Enable@led                            cstackCOMRAM 00003E
LED_Off@led                               cstackCOMRAM 00003E
LED_On@led                                cstackCOMRAM 00003E
ProcessUSB@i                              cstackCOMRAM 00004E
ProcessUSB@numBytesRead                   cstackCOMRAM 00004D
SYSTEM_Initialize@state                   cstackCOMRAM 000041
USBConfigureEndpoint@EPNum                cstackCOMRAM 000043
USBConfigureEndpoint@direction            cstackCOMRAM 00003C
USBConfigureEndpoint@handle               cstackCOMRAM 000044
USBCtrlTrfInHandler@lastDTS               cstackCOMRAM 00003D
USBCtrlTrfRxService@byteToRead            cstackCOMRAM 00003D
USBCtrlTrfRxService@i                     cstackCOMRAM 00003C
USBCtrlTrfTxService@byteToSend            cstackCOMRAM 00003C
USBDeviceInit@i                           cstackCOMRAM 000048
USBDeviceTasks@i                          cstackCOMRAM 00005C
USBEnableEndpoint@ep                      cstackCOMRAM 000049
USBEnableEndpoint@options                 cstackCOMRAM 000046
USBEnableEndpoint@p                       cstackCOMRAM 000047
USBStdFeatureReqHandler@current_ep_data   cstackCOMRAM 000056
USBStdFeatureReqHandler@p                 cstackCOMRAM 000057
USBStdFeatureReqHandler@pUEP              cstackCOMRAM 000054
USBStdGetStatusHandler@p                  cstackCOMRAM 00003E
USBStdSetCfgHandler@i                     cstackCOMRAM 000052
USBTransferOnePacket@data                 cstackCOMRAM 00003D
USBTransferOnePacket@dir                  cstackCOMRAM 00003C
USBTransferOnePacket@ep                   cstackCOMRAM 000044
USBTransferOnePacket@handle               cstackCOMRAM 000045
USBTransferOnePacket@len                  cstackCOMRAM 00003F
USER_USB_CALLBACK_EVENT_HANDLER@event     cstackCOMRAM 00004A
USER_USB_CALLBACK_EVENT_HANDLER@pdata     cstackCOMRAM 00004C
USER_USB_CALLBACK_EVENT_HANDLER@size      cstackCOMRAM 00004E
_ANSEL                                    (abs)        000F7E
_ANSELH                                   (abs)        000F7F
_APP_DeviceCDCBasicDemoInitialize         text29       0024A2
_APP_LEDUpdateUSBStatus                   text26       001918
_BDT                                      (abs)        000200
_BUTTON_Enable                            text22       002422
_BaudRateGen                              bssBANK0     000070
_BothEP0OutUOWNsSet                       bssCOMRAM    00002F
_CDCDataInHandle                          bssCOMRAM    000018
_CDCDataOutHandle                         bssCOMRAM    00001A
_CDCInitEP                                text23       00211A
_CDCTxService                             text38       000984
_CtrlTrfData                              (abs)        000238
_LATCbits                                 (abs)        000F8B
_LED_Enable                               text21       0020B8
_LED_Off                                  text28       0021DE
_LED_On                                   text27       00217C
_OSCCON                                   (abs)        000FD3
_PIE2bits                                 (abs)        000FA0
_PIR2bits                                 (abs)        000FA1
_PORTA                                    (abs)        000F80
_PORTAbits                                (abs)        000F80
_PORTB                                    (abs)        000F81
_PORTC                                    (abs)        000F82
_ProcessUSB                               text35       001818
_RemoteWakeup                             bssCOMRAM    000032
_SYSTEM_Initialize                        text20       00232E
_SYS_InterruptHigh                        intcode      000008
_SetupPkt                                 (abs)        000230
_TRISA                                    (abs)        000F92
_TRISB                                    (abs)        000F93
_TRISC                                    (abs)        000F94
_TRISCbits                                (abs)        000F94
_UADDR                                    (abs)        000F5C
_UCFG                                     (abs)        000F61
_UCON                                     (abs)        000F64
_UCONbits                                 (abs)        000F64
_UEIE                                     (abs)        000F5B
_UEIR                                     (abs)        000F5F
_UEP0                                     (abs)        000F53
_UEP0bits                                 (abs)        000F53
_UEP1                                     (abs)        000F54
_UIE                                      (abs)        000F60
_UIEbits                                  (abs)        000F60
_UIR                                      (abs)        000F62
_UIRbits                                  (abs)        000F62
_USB1msTickCount                          bssBANK0     000074
_USBActiveConfiguration                   bssCOMRAM    00003B
_USBAlternateInterface                    bssCOMRAM    000038
_USBBusIsSuspended                        bssCOMRAM    000031
_USBCheckCDCRequest                       text19       001718
_USBCheckStdRequest                       text12       0013F4
_USBConfigureEndpoint                     text25       001DF8
_USBCtrlEPAllowDataStage                  text11       001EA8
_USBCtrlEPAllowStatusStage                text32       001A0C
_USBCtrlEPService                         text7        001BDC
_USBCtrlEPServiceComplete                 text10       001060
_USBCtrlTrfInHandler                      text33       001612
_USBCtrlTrfOutHandler                     text30       001FE2
_USBCtrlTrfRxService                      text31       000F1E
_USBCtrlTrfSetupHandler                   text9        001F54
_USBCtrlTrfTxService                      text34       001508
_USBDeferINDataStagePackets               bssCOMRAM    00002A
_USBDeferOUTDataStagePackets              bssCOMRAM    000029
_USBDeferStatusStagePacket                bssCOMRAM    00002D
_USBDeviceInit                            text6        000DDA
_USBDeviceState                           bssCOMRAM    000037
_USBDeviceTasks                           text1        00071C
_USBEnableEndpoint                        text24       0022E2
_USBIncrement1msInternalTimers            text5        0023EE
_USBStallHandler                          text4        002056
_USBStatusStageEnabledFlag1               bssCOMRAM    00002C
_USBStatusStageEnabledFlag2               bssCOMRAM    00002B
_USBStatusStageTimeoutCounter             bssCOMRAM    00002E
_USBStdFeatureReqHandler                  text17       0003CC
_USBStdGetDscHandler                      text16       000C8A
_USBStdGetStatusHandler                   text15       0012DE
_USBStdSetCfgHandler                      text13       001AFA
_USBSuspend                               text3        002450
_USBTicksSinceSuspendEnd                  bssCOMRAM    000028
_USBTransferOnePacket                     text39       0011A0
_USBWakeFromSuspend                       text2        002378
_USB_CD_Ptr                               smallconst   000307
_USB_In_Buffer                            bssBANK1     000140
_USB_Out_Buffer                           bssBANK1     000100
_USB_SD_Ptr                               smallconst   000301
_USER_USB_CALLBACK_EVENT_HANDLER          text18       001D48
_USTAT                                    (abs)        000F63
_USTATcopy                                bssCOMRAM    00003A
__HRAM                                    (abs)        000000
__H__absolute__                           __absolute__ 000000
__Habs1                                   abs1         000000
__Hbank0                                  bank0        000000
__Hbank1                                  bank1        000000
__Hbank2                                  bank2        000000
__Hbigbss                                 bigbss       000000
__Hbigdata                                bigdata      000000
__Hbigram                                 bigram       000000
__Hbigsfr                                 bigsfr       000000
__Hbss                                    bss          000000
__HbssBANK0                               bssBANK0     000000
__HbssBANK1                               bssBANK1     000000
__HbssCOMRAM                              bssCOMRAM    000000
__Hcinit                                  cinit        000000
__Hclrtext                                clrtext      000000
__Hcomram                                 comram       000000
__Hconfig                                 config       30000E
__Hconst                                  const        000000
__HcstackCOMRAM                           cstackCOMRAM 000000
__Hdata                                   data         000000
__HdataBANK0                              dataBANK0    000000
__Heeprom_data                            eeprom_data  000000
__Hfarbss                                 farbss       000000
__Hfardata                                fardata      000000
__Hheap                                   heap         000000
__Hibigdata                               ibigdata     000000
__Hidata                                  idata        000000
__HidataBANK0                             idataBANK0   000000
__Hidloc                                  idloc        200008
__Hifardata                               ifardata     000000
__Hinit                                   init         000012
__Hintcode                                intcode      00000E
__Hintcode_body                           intcode_body 000000
__Hintcodelo                              intcodelo    00000E
__Hintentry                               intentry     000000
__Hintret                                 intret       000000
__Hintsave_regs                           intsave_regs 000000
__Hirdata                                 irdata       000000
__Hmediumconst                            mediumconst  000000
__HnvFARRAM                               nvFARRAM     000000
__Hnvbit                                  nvbit        000000
__Hnvrram                                 nvrram       000000
__Hparam                                  rparam       000000
__Hpowerup                                powerup      00000E
__Hram                                    ram          000000
__Hramtop                                 ramtop       000300
__Hrbit                                   rbit         000000
__Hrbss                                   rbss         000000
__Hrdata                                  rdata        000000
__Hreset_vec                              reset_vec    000004
__Hrparam                                 rparam       000000
__Hsfr                                    sfr          000000
__Hsmallconst                             smallconst   0003CC
__Hspace_0                                (abs)        0024D8
__Hspace_1                                (abs)        0001C0
__Hspace_2                                (abs)        000000
__Hspace_4                                (abs)        60000E
__Hstack                                  stack        000000
__Hstruct                                 struct       000000
__Htemp                                   temp         00005E
__Htext                                   text         000000
__Htext0                                  text0        000000
__Htext1                                  text1        000000
__Htext10                                 text10       000000
__Htext11                                 text11       000000
__Htext12                                 text12       000000
__Htext13                                 text13       000000
__Htext14                                 text14       000000
__Htext15                                 text15       000000
__Htext16                                 text16       000000
__Htext17                                 text17       000000
__Htext18                                 text18       000000
__Htext19                                 text19       000000
__Htext2                                  text2        000000
__Htext20                                 text20       000000
__Htext21                                 text21       000000
__Htext22                                 text22       000000
__Htext23                                 text23       000000
__Htext24                                 text24       000000
__Htext25                                 text25       000000
__Htext26                                 text26       000000
__Htext27                                 text27       000000
__Htext28                                 text28       000000
__Htext29                                 text29       000000
__Htext3                                  text3        000000
__Htext30                                 text30       000000
__Htext31                                 text31       000000
__Htext32                                 text32       000000
__Htext33                                 text33       000000
__Htext34                                 text34       000000
__Htext35                                 text35       000000
__Htext36                                 text36       000000
__Htext37                                 text37       000000
__Htext38                                 text38       000000
__Htext39                                 text39       000000
__Htext4                                  text4        000000
__Htext5                                  text5        000000
__Htext6                                  text6        000000
__Htext7                                  text7        000000
__Htext8                                  text8        000000
__Htext9                                  text9        000000
__LRAM                                    (abs)        000001
__L__absolute__                           __absolute__ 000000
__Labs1                                   abs1         000000
__Lbank0                                  bank0        000000
__Lbank1                                  bank1        000000
__Lbank2                                  bank2        000000
__Lbigbss                                 bigbss       000000
__Lbigdata                                bigdata      000000
__Lbigram                                 bigram       000000
__Lbigsfr                                 bigsfr       000000
__Lbss                                    bss          000000
__LbssBANK0                               bssBANK0     000000
__LbssBANK1                               bssBANK1     000000
__LbssCOMRAM                              bssCOMRAM    000000
__Lcinit                                  cinit        000000
__Lclrtext                                clrtext      000000
__Lcomram                                 comram       000000
__Lconfig                                 config       000000
__Lconst                                  const        000000
__LcstackCOMRAM                           cstackCOMRAM 000000
__Ldata                                   data         000000
__LdataBANK0                              dataBANK0    000000
__Leeprom_data                            eeprom_data  000000
__Lfarbss                                 farbss       000000
__Lfardata                                fardata      000000
__Lheap                                   heap         000000
__Libigdata                               ibigdata     000000
__Lidata                                  idata        000000
__LidataBANK0                             idataBANK0   000000
__Lidloc                                  idloc        000000
__Lifardata                               ifardata     000000
__Linit                                   init         00000E
__Lintcode                                intcode      000008
__Lintcode_body                           intcode_body 000000
__Lintcodelo                              intcodelo    00000E
__Lintentry                               intentry     000000
__Lintret                                 intret       000000
__Lintsave_regs                           intsave_regs 000000
__Lirdata                                 irdata       000000
__Lmediumconst                            mediumconst  000000
__LnvFARRAM                               nvFARRAM     000000
__Lnvbit                                  nvbit        000000
__Lnvrram                                 nvrram       000000
__Lparam                                  rparam       000000
__Lpowerup                                powerup      00000E
__Lram                                    ram          000000
__Lramtop                                 ramtop       000300
__Lrbit                                   rbit         000000
__Lrbss                                   rbss         000000
__Lrdata                                  rdata        000000
__Lreset_vec                              reset_vec    000000
__Lrparam                                 rparam       000000
__Lsfr                                    sfr          000000
__Lsmallconst                             smallconst   000300
__Lspace_0                                (abs)        000000
__Lspace_1                                (abs)        000000
__Lspace_2                                (abs)        000000
__Lspace_4                                (abs)        000000
__Lstack                                  stack        000000
__Lstruct                                 struct       000000
__Ltemp                                   temp         00005D
__Ltext                                   text         000000
__Ltext0                                  text0        000000
__Ltext1                                  text1        000000
__Ltext10                                 text10       000000
__Ltext11                                 text11       000000
__Ltext12                                 text12       000000
__Ltext13                                 text13       000000
__Ltext14                                 text14       000000
__Ltext15                                 text15       000000
__Ltext16                                 text16       000000
__Ltext17                                 text17       000000
__Ltext18                                 text18       000000
__Ltext19                                 text19       000000
__Ltext2                                  text2        000000
__Ltext20                                 text20       000000
__Ltext21                                 text21       000000
__Ltext22                                 text22       000000
__Ltext23                                 text23       000000
__Ltext24                                 text24       000000
__Ltext25                                 text25       000000
__Ltext26                                 text26       000000
__Ltext27                                 text27       000000
__Ltext28                                 text28       000000
__Ltext29                                 text29       000000
__Ltext3                                  text3        000000
__Ltext30                                 text30       000000
__Ltext31                                 text31       000000
__Ltext32                                 text32       000000
__Ltext33                                 text33       000000
__Ltext34                                 text34       000000
__Ltext35                                 text35       000000
__Ltext36                                 text36       000000
__Ltext37                                 text37       000000
__Ltext38                                 text38       000000
__Ltext39                                 text39       000000
__Ltext4                                  text4        000000
__Ltext5                                  text5        000000
__Ltext6                                  text6        000000
__Ltext7                                  text7        000000
__Ltext8                                  text8        000000
__Ltext9                                  text9        000000
__S0                                      (abs)        0024D8
__S1                                      (abs)        0001C0
__S4                                      (abs)        000000
__S5                                      (abs)        000000
___heap_hi                                (abs)        000000
___heap_lo                                (abs)        000000
___inthi_sp                               stack        000000
___intlo_sp                               stack        000000
___param_bank                             (abs)        000000
___rparam_used                            (abs)        000001
___sp                                     stack        000000
__accesstop                               (abs)        000060
__activetblptr                            (abs)        000002
__end_of_APP_DeviceCDCBasicDemoInitialize text29       0024C6
__end_of_APP_LEDUpdateUSBStatus           text26       001A0C
__end_of_BUTTON_Enable                    text22       002450
__end_of_CDCInitEP                        text23       00217C
__end_of_CDCTxService                     text38       000B14
__end_of_LED_Enable                       text21       00211A
__end_of_LED_Off                          text28       002240
__end_of_LED_On                           text27       0021DE
__end_of_ProcessUSB                       text35       001918
__end_of_SYSTEM_Initialize                text20       002378
__end_of_SYS_InterruptHigh                intcode      00000E
__end_of_USBCheckCDCRequest               text19       001818
__end_of_USBCheckStdRequest               text12       001508
__end_of_USBConfigureEndpoint             text25       001EA8
__end_of_USBCtrlEPAllowDataStage          text11       001F54
__end_of_USBCtrlEPAllowStatusStage        text32       001AFA
__end_of_USBCtrlEPService                 text7        001C94
__end_of_USBCtrlEPServiceComplete         text10       0011A0
__end_of_USBCtrlTrfInHandler              text33       001718
__end_of_USBCtrlTrfOutHandler             text30       002056
__end_of_USBCtrlTrfRxService              text31       001060
__end_of_USBCtrlTrfSetupHandler           text9        001FE2
__end_of_USBCtrlTrfTxService              text34       001612
__end_of_USBDeviceInit                    text6        000F1E
__end_of_USBDeviceTasks                   text1        000984
__end_of_USBEnableEndpoint                text24       00232E
__end_of_USBIncrement1msInternalTimers    text5        002422
__end_of_USBStallHandler                  text4        0020B8
__end_of_USBStdFeatureReqHandler          text17       00071C
__end_of_USBStdGetDscHandler              text16       000DDA
__end_of_USBStdGetStatusHandler           text15       0013F4
__end_of_USBStdSetCfgHandler              text13       001BDC
__end_of_USBSuspend                       text3        00247C
__end_of_USBTransferOnePacket             text39       0012DE
__end_of_USBWakeFromSuspend               text2        0023B6
__end_of_USB_CD_Ptr                       smallconst   000309
__end_of_USB_SD_Ptr                       smallconst   000307
__end_of_USER_USB_CALLBACK_EVENT_HANDLER  text18       001DF8
__end_of__initialization                  cinit        002284
__end_of_configDescriptor1                smallconst   00034C
__end_of_device_dsc                       smallconst   0003C6
__end_of_getsUSBUSART                     text37       001D48
__end_of_main                             text0        0023EE
__end_of_memcpy                           text8        0022E2
__end_of_memset                           text14       000C8A
__end_of_putUSBUSART                      text36       0024A2
__end_of_sd000                            smallconst   0003CA
__end_of_sd001                            smallconst   0003B4
__end_of_sd002                            smallconst   000380
__initialization                          cinit        002240
__mediumconst                             mediumconst  000000
__pbssBANK0                               bssBANK0     000060
__pbssBANK1                               bssBANK1     000100
__pbssCOMRAM                              bssCOMRAM    000001
__pcinit                                  cinit        002240
__pcstackCOMRAM                           cstackCOMRAM 00003C
__pdataBANK0                              dataBANK0    0000D0
__pidataBANK0                             idataBANK0   0024C6
__pintcode                                intcode      000008
__psmallconst                             smallconst   000300
__ptext0                                  text0        0023B6
__ptext1                                  text1        00071C
__ptext10                                 text10       001060
__ptext11                                 text11       001EA8
__ptext12                                 text12       0013F4
__ptext13                                 text13       001AFA
__ptext14                                 text14       000B14
__ptext15                                 text15       0012DE
__ptext16                                 text16       000C8A
__ptext17                                 text17       0003CC
__ptext18                                 text18       001D48
__ptext19                                 text19       001718
__ptext2                                  text2        002378
__ptext20                                 text20       00232E
__ptext21                                 text21       0020B8
__ptext22                                 text22       002422
__ptext23                                 text23       00211A
__ptext24                                 text24       0022E2
__ptext25                                 text25       001DF8
__ptext26                                 text26       001918
__ptext27                                 text27       00217C
__ptext28                                 text28       0021DE
__ptext29                                 text29       0024A2
__ptext3                                  text3        002450
__ptext30                                 text30       001FE2
__ptext31                                 text31       000F1E
__ptext32                                 text32       001A0C
__ptext33                                 text33       001612
__ptext34                                 text34       001508
__ptext35                                 text35       001818
__ptext36                                 text36       00247C
__ptext37                                 text37       001C94
__ptext38                                 text38       000984
__ptext39                                 text39       0011A0
__ptext4                                  text4        002056
__ptext5                                  text5        0023EE
__ptext6                                  text6        000DDA
__ptext7                                  text7        001BDC
__ptext8                                  text8        002292
__ptext9                                  text9        001F54
__ramtop                                  ramtop       000300
__smallconst                              smallconst   000300
_buttonMessage                            dataBANK0    0000D0
_buttonPressed                            bssCOMRAM    000035
_cdc_data_rx                              (abs)        000280
_cdc_data_tx                              (abs)        000240
_cdc_mem_type                             bssCOMRAM    000025
_cdc_notice                               bssBANK0     000060
_cdc_rx_len                               bssCOMRAM    000027
_cdc_trf_state                            bssCOMRAM    000036
_cdc_tx_len                               bssCOMRAM    000026
_configDescriptor1                        smallconst   000309
_controlTransferState                     bssCOMRAM    000033
_control_signal_bitmap                    bssCOMRAM    000024
_device_dsc                               smallconst   0003B4
_dummy_encapsulated_cmd_response          bssBANK0     0000C1
_endpoint_number                          bssCOMRAM    000030
_ep_data_in                               bssCOMRAM    000015
_ep_data_out                              bssBANK0     00007E
_getsUSBUSART                             text37       001C94
_inPipes                                  bssCOMRAM    000009
_line_coding                              bssBANK0     0000C9
_main                                     text0        0023B6
_memcpy                                   text8        002292
_memset                                   text14       000B14
_outPipes                                 bssCOMRAM    000001
_pBDTEntryEP0OutCurrent                   bssCOMRAM    000020
_pBDTEntryEP0OutNext                      bssCOMRAM    00001E
_pBDTEntryIn                              bssCOMRAM    00000F
_pBDTEntryOut                             bssBANK0     00006A
_pCDCDst                                  bssBANK0     000078
_pCDCSrc                                  bssBANK0     00007B
_pDst                                     bssCOMRAM    00001C
_putUSBUSART                              text36       00247C
_readBuffer                               bssBANK0     000081
_sd000                                    smallconst   0003C6
_sd001                                    smallconst   000380
_sd002                                    smallconst   00034C
_shortPacketStatus                        bssCOMRAM    000034
_writeBuffer                              bssBANK1     000180
btemp                                     temp         00005D
end_of_initialization                     cinit        002284
getsUSBUSART@buffer                       cstackCOMRAM 000047
getsUSBUSART@len                          cstackCOMRAM 000049
int$flags                                 temp         00005D
intlevel0                                 text         000000
intlevel1                                 text         000000
intlevel2                                 text         000000
intlevel3                                 text         000000
isa$std                                   (abs)        000001
isa$xinst                                 (abs)        000000
memcpy@d                                  cstackCOMRAM 000042
memcpy@d1                                 cstackCOMRAM 00003C
memcpy@n                                  cstackCOMRAM 000040
memcpy@s                                  cstackCOMRAM 000044
memcpy@s1                                 cstackCOMRAM 00003E
memcpy@tmp                                cstackCOMRAM 000046
memset@c                                  cstackCOMRAM 00003E
memset@dest                               cstackCOMRAM 00003C
memset@k                                  cstackCOMRAM 000044
memset@n                                  cstackCOMRAM 000040
memset@s                                  cstackCOMRAM 000046
putUSBUSART@data                          cstackCOMRAM 00003C
putUSBUSART@length                        cstackCOMRAM 00003E
stackhi                                   (abs)        000000
stacklo                                   (abs)        000000
start                                     init         00000E
start_initialization                      cinit        002240
ttemp5                                    temp         00005E
ttemp6                                    temp         000061
ttemp7                                    temp         000065
wtemp8                                    temp         00005E


MODULE INFORMATION

Module		Function		Class		Link	Load	Size
C:\Program Files\Microchip\xc8\v2.41\pic\sources\c99\common\memset.c
		_memset        		CODE           	0B14	0000	374

C:\Program Files\Microchip\xc8\v2.41\pic\sources\c99\common\memset.c estimated size: 374

buttons.c
		_BUTTON_Enable 		CODE           	2422	0000	46

buttons.c estimated size: 46

app_led_usb_status.c
		_APP_LEDUpdateUSBStatus		CODE           	1918	0000	244

app_led_usb_status.c estimated size: 244

shared
		_configDescriptor1		SMALLCONST     	0309	0000	67
		_USB_CD_Ptr    		SMALLCONST     	0307	0000	2
		_sd001         		SMALLCONST     	0380	0000	52
		_sd002         		SMALLCONST     	034C	0000	52
		__initialization		CODE           	2240	0000	68
		_device_dsc    		SMALLCONST     	03B4	0000	18
		_USB_SD_Ptr    		SMALLCONST     	0301	0000	6
		_sd000         		SMALLCONST     	03C6	0000	4

shared estimated size: 269

usb_device_cdc.c
		_CDCTxService  		CODE           	0984	0000	400
		_CDCInitEP     		CODE           	211A	0000	98
		_putUSBUSART   		CODE           	247C	0000	38
		_getsUSBUSART  		CODE           	1C94	0000	180
		_USBCheckCDCRequest		CODE           	1718	0000	256

usb_device_cdc.c estimated size: 972

leds.c
		_LED_Off       		CODE           	21DE	0000	98
		_LED_On        		CODE           	217C	0000	98
		_LED_Enable    		CODE           	20B8	0000	98

leds.c estimated size: 294

C:\Program Files\Microchip\xc8\v2.41\pic\sources\c99\common\memcpy.c
		_memcpy        		CODE           	2292	0000	80

C:\Program Files\Microchip\xc8\v2.41\pic\sources\c99\common\memcpy.c estimated size: 80

usb_device.c
		_USBCtrlTrfInHandler		CODE           	1612	0000	262
		_USBTransferOnePacket		CODE           	11A0	0000	318
		_USBStdGetDscHandler		CODE           	0C8A	0000	336
		_USBCtrlEPAllowDataStage		CODE           	1EA8	0000	172
		_USBStdFeatureReqHandler		CODE           	03CC	0000	848
		_USBCtrlEPAllowStatusStage		CODE           	1A0C	0000	238
		_USBCtrlTrfSetupHandler		CODE           	1F54	0000	142
		_USBCtrlTrfOutHandler		CODE           	1FE2	0000	116
		_USBCtrlEPServiceComplete		CODE           	1060	0000	320
		_USBSuspend    		CODE           	2450	0000	44
		_USBStdSetCfgHandler		CODE           	1AFA	0000	226
		_USBStdGetStatusHandler		CODE           	12DE	0000	278
		_USBWakeFromSuspend		CODE           	2378	0000	62
		_USBCtrlTrfRxService		CODE           	0F1E	0000	322
		_USBCtrlTrfTxService		CODE           	1508	0000	266
		_USBEnableEndpoint		CODE           	22E2	0000	76
		_USBConfigureEndpoint		CODE           	1DF8	0000	176
		_USBDeviceInit 		CODE           	0DDA	0000	324
		_USBIncrement1msInternalTimers		CODE           	23EE	0000	52
		_USBCtrlEPService		CODE           	1BDC	0000	184
		_USBStallHandler		CODE           	2056	0000	98
		_USBDeviceTasks		CODE           	071C	0000	616
		_USBCheckStdRequest		CODE           	13F4	0000	276

usb_device.c estimated size: 5752

usb_events.c
		_USER_USB_CALLBACK_EVENT_HANDLER		CODE           	1D48	0000	176

usb_events.c estimated size: 176

app_device_cdc_basic.c
		_APP_DeviceCDCBasicDemoInitialize		CODE           	24A2	0000	36

app_device_cdc_basic.c estimated size: 36

main.c
		_main          		CODE           	23B6	0000	56
		_ProcessUSB    		CODE           	1818	0000	256

main.c estimated size: 312

system.c
		_SYS_InterruptHigh		CODE           	0008	0000	6
		_SYSTEM_Initialize		CODE           	232E	0000	74

system.c estimated size: 80

